[2021-04-26T13:44:12.117-0300][gc] Using G1
[2021-04-26T13:44:12.125-0300][gc,init] Version: 15.0.2+7-27 (release)
[2021-04-26T13:44:12.125-0300][gc,init] CPUs: 4 total, 4 available
[2021-04-26T13:44:12.125-0300][gc,init] Memory: 8192M
[2021-04-26T13:44:12.125-0300][gc,init] Large Page Support: Disabled
[2021-04-26T13:44:12.125-0300][gc,init] NUMA Support: Disabled
[2021-04-26T13:44:12.125-0300][gc,init] Compressed Oops: Enabled (Zero based)
[2021-04-26T13:44:12.125-0300][gc,init] Heap Region Size: 1M
[2021-04-26T13:44:12.125-0300][gc,init] Heap Min Capacity: 1G
[2021-04-26T13:44:12.125-0300][gc,init] Heap Initial Capacity: 1G
[2021-04-26T13:44:12.125-0300][gc,init] Heap Max Capacity: 1G
[2021-04-26T13:44:12.125-0300][gc,init] Pre-touch: Disabled
[2021-04-26T13:44:12.125-0300][gc,init] Parallel Workers: 4
[2021-04-26T13:44:12.125-0300][gc,init] Concurrent Workers: 1
[2021-04-26T13:44:12.125-0300][gc,init] Concurrent Refinement Workers: 4
[2021-04-26T13:44:12.125-0300][gc,init] Periodic GC: Disabled
[2021-04-26T13:44:12.125-0300][gc,cds ] Mark closed archive regions in map: [0x00000007fff00000, 0x00000007fff78ff8]
[2021-04-26T13:44:12.125-0300][gc,cds ] Mark open archive regions in map: [0x00000007ffe00000, 0x00000007ffe50ff8]
[2021-04-26T13:44:12.125-0300][gc,metaspace] CDS archive(s) mapped at: [0x0000000800000000-0x0000000800b2b000-0x0000000800b2b000), size 11710464, SharedBaseAddress: 0x0000000800000000, ArchiveRelocationMode: 0.
[2021-04-26T13:44:12.126-0300][gc,metaspace] Compressed class space mapped at: 0x0000000800b2c000-0x0000000840b2c000, size: 1073741824
[2021-04-26T13:44:12.126-0300][gc,metaspace] Narrow klass base: 0x0000000800000000, Narrow klass shift: 3, Narrow klass range: 0x100000000
[2021-04-26T13:44:19.661-0300][gc,start    ] GC(0) Pause Young (Normal) (G1 Evacuation Pause)
[2021-04-26T13:44:19.662-0300][gc,task     ] GC(0) Using 4 workers of 4 for evacuation
[2021-04-26T13:44:19.673-0300][gc,phases   ] GC(0)   Pre Evacuate Collection Set: 0.3ms
[2021-04-26T13:44:19.673-0300][gc,phases   ] GC(0)   Merge Heap Roots: 0.2ms
[2021-04-26T13:44:19.673-0300][gc,phases   ] GC(0)   Evacuate Collection Set: 9.5ms
[2021-04-26T13:44:19.673-0300][gc,phases   ] GC(0)   Post Evacuate Collection Set: 0.7ms
[2021-04-26T13:44:19.673-0300][gc,phases   ] GC(0)   Other: 0.7ms
[2021-04-26T13:44:19.673-0300][gc,heap     ] GC(0) Eden regions: 51->0(44)
[2021-04-26T13:44:19.673-0300][gc,heap     ] GC(0) Survivor regions: 0->7(7)
[2021-04-26T13:44:19.673-0300][gc,heap     ] GC(0) Old regions: 0->0
[2021-04-26T13:44:19.673-0300][gc,heap     ] GC(0) Archive regions: 2->2
[2021-04-26T13:44:19.673-0300][gc,heap     ] GC(0) Humongous regions: 0->0
[2021-04-26T13:44:19.673-0300][gc,metaspace] GC(0) Metaspace: 19105K(19840K)->19105K(19840K) NonClass: 16818K(17408K)->16818K(17408K) Class: 2286K(2432K)->2286K(2432K)
[2021-04-26T13:44:19.673-0300][gc          ] GC(0) Pause Young (Normal) (G1 Evacuation Pause) 51M->7M(1024M) 11.626ms
[2021-04-26T13:44:19.673-0300][gc,cpu      ] GC(0) User=0.02s Sys=0.00s Real=0.01s
[2021-04-26T13:44:19.924-0300][gc,start    ] GC(1) Pause Young (Concurrent Start) (Metadata GC Threshold)
[2021-04-26T13:44:19.924-0300][gc,task     ] GC(1) Using 4 workers of 4 for evacuation
[2021-04-26T13:44:19.933-0300][gc,phases   ] GC(1)   Pre Evacuate Collection Set: 0.1ms
[2021-04-26T13:44:19.933-0300][gc,phases   ] GC(1)   Merge Heap Roots: 0.0ms
[2021-04-26T13:44:19.933-0300][gc,phases   ] GC(1)   Evacuate Collection Set: 8.2ms
[2021-04-26T13:44:19.934-0300][gc,phases   ] GC(1)   Post Evacuate Collection Set: 0.5ms
[2021-04-26T13:44:19.934-0300][gc,phases   ] GC(1)   Other: 0.2ms
[2021-04-26T13:44:19.934-0300][gc,heap     ] GC(1) Eden regions: 6->0(50)
[2021-04-26T13:44:19.934-0300][gc,heap     ] GC(1) Survivor regions: 7->1(7)
[2021-04-26T13:44:19.934-0300][gc,heap     ] GC(1) Old regions: 0->7
[2021-04-26T13:44:19.934-0300][gc,heap     ] GC(1) Archive regions: 2->2
[2021-04-26T13:44:19.934-0300][gc,heap     ] GC(1) Humongous regions: 0->0
[2021-04-26T13:44:19.934-0300][gc,metaspace] GC(1) Metaspace: 20525K(21248K)->20525K(21248K) NonClass: 18073K(18688K)->18073K(18688K) Class: 2452K(2560K)->2452K(2560K)
[2021-04-26T13:44:19.934-0300][gc          ] GC(1) Pause Young (Concurrent Start) (Metadata GC Threshold) 13M->8M(1024M) 9.525ms
[2021-04-26T13:44:19.934-0300][gc,cpu      ] GC(1) User=0.02s Sys=0.01s Real=0.01s
[2021-04-26T13:44:19.934-0300][gc          ] GC(2) Concurrent Cycle
[2021-04-26T13:44:19.934-0300][gc,marking  ] GC(2) Concurrent Clear Claimed Marks
[2021-04-26T13:44:19.934-0300][gc,marking  ] GC(2) Concurrent Clear Claimed Marks 0.034ms
[2021-04-26T13:44:19.934-0300][gc,marking  ] GC(2) Concurrent Scan Root Regions
[2021-04-26T13:44:19.940-0300][gc,marking  ] GC(2) Concurrent Scan Root Regions 6.119ms
[2021-04-26T13:44:19.940-0300][gc,marking  ] GC(2) Concurrent Mark (7.832s)
[2021-04-26T13:44:19.940-0300][gc,marking  ] GC(2) Concurrent Mark From Roots
[2021-04-26T13:44:19.940-0300][gc,task     ] GC(2) Using 1 workers of 1 for marking
[2021-04-26T13:44:19.942-0300][gc,marking  ] GC(2) Concurrent Mark From Roots 1.285ms
[2021-04-26T13:44:19.942-0300][gc,marking  ] GC(2) Concurrent Preclean
[2021-04-26T13:44:19.942-0300][gc,marking  ] GC(2) Concurrent Preclean 0.051ms
[2021-04-26T13:44:19.942-0300][gc,marking  ] GC(2) Concurrent Mark (7.832s, 7.834s) 1.406ms
[2021-04-26T13:44:19.942-0300][gc,start    ] GC(2) Pause Remark
[2021-04-26T13:44:19.943-0300][gc          ] GC(2) Pause Remark 9M->9M(1024M) 0.963ms
[2021-04-26T13:44:19.943-0300][gc,cpu      ] GC(2) User=0.00s Sys=0.00s Real=0.00s
[2021-04-26T13:44:19.943-0300][gc,marking  ] GC(2) Concurrent Rebuild Remembered Sets
[2021-04-26T13:44:19.948-0300][gc,marking  ] GC(2) Concurrent Rebuild Remembered Sets 5.180ms
[2021-04-26T13:44:19.949-0300][gc,start    ] GC(2) Pause Cleanup
[2021-04-26T13:44:19.949-0300][gc          ] GC(2) Pause Cleanup 9M->9M(1024M) 0.134ms
[2021-04-26T13:44:19.949-0300][gc,cpu      ] GC(2) User=0.00s Sys=0.00s Real=0.00s
[2021-04-26T13:44:19.949-0300][gc,marking  ] GC(2) Concurrent Cleanup for Next Mark
[2021-04-26T13:44:19.961-0300][gc,marking  ] GC(2) Concurrent Cleanup for Next Mark 11.852ms
[2021-04-26T13:44:19.962-0300][gc          ] GC(2) Concurrent Cycle 27.650ms
[2021-04-26T13:44:21.912-0300][gc,start    ] GC(3) Pause Young (Normal) (G1 Evacuation Pause)
[2021-04-26T13:44:21.912-0300][gc,task     ] GC(3) Using 4 workers of 4 for evacuation
[2021-04-26T13:44:21.919-0300][gc,phases   ] GC(3)   Pre Evacuate Collection Set: 0.1ms
[2021-04-26T13:44:21.919-0300][gc,phases   ] GC(3)   Merge Heap Roots: 0.0ms
[2021-04-26T13:44:21.919-0300][gc,phases   ] GC(3)   Evacuate Collection Set: 6.3ms
[2021-04-26T13:44:21.919-0300][gc,phases   ] GC(3)   Post Evacuate Collection Set: 0.5ms
[2021-04-26T13:44:21.919-0300][gc,phases   ] GC(3)   Other: 0.2ms
[2021-04-26T13:44:21.919-0300][gc,heap     ] GC(3) Eden regions: 50->0(45)
[2021-04-26T13:44:21.919-0300][gc,heap     ] GC(3) Survivor regions: 1->6(7)
[2021-04-26T13:44:21.919-0300][gc,heap     ] GC(3) Old regions: 7->7
[2021-04-26T13:44:21.919-0300][gc,heap     ] GC(3) Archive regions: 2->2
[2021-04-26T13:44:21.919-0300][gc,heap     ] GC(3) Humongous regions: 129->129
[2021-04-26T13:44:21.919-0300][gc,metaspace] GC(3) Metaspace: 32206K(33280K)->32206K(33280K) NonClass: 28607K(29440K)->28607K(29440K) Class: 3598K(3840K)->3598K(3840K)
[2021-04-26T13:44:21.919-0300][gc          ] GC(3) Pause Young (Normal) (G1 Evacuation Pause) 187M->141M(1024M) 7.197ms
[2021-04-26T13:44:21.919-0300][gc,cpu      ] GC(3) User=0.02s Sys=0.00s Real=0.00s
[2021-04-26T13:44:22.092-0300][gc,start    ] GC(4) Pause Young (Concurrent Start) (Metadata GC Threshold)
[2021-04-26T13:44:22.092-0300][gc,task     ] GC(4) Using 4 workers of 4 for evacuation
[2021-04-26T13:44:22.102-0300][gc,phases   ] GC(4)   Pre Evacuate Collection Set: 0.1ms
[2021-04-26T13:44:22.102-0300][gc,phases   ] GC(4)   Merge Heap Roots: 0.0ms
[2021-04-26T13:44:22.102-0300][gc,phases   ] GC(4)   Evacuate Collection Set: 9.6ms
[2021-04-26T13:44:22.102-0300][gc,phases   ] GC(4)   Post Evacuate Collection Set: 0.5ms
[2021-04-26T13:44:22.102-0300][gc,phases   ] GC(4)   Other: 0.2ms
[2021-04-26T13:44:22.102-0300][gc,heap     ] GC(4) Eden regions: 10->0(50)
[2021-04-26T13:44:22.102-0300][gc,heap     ] GC(4) Survivor regions: 6->1(7)
[2021-04-26T13:44:22.102-0300][gc,heap     ] GC(4) Old regions: 7->13
[2021-04-26T13:44:22.102-0300][gc,heap     ] GC(4) Archive regions: 2->2
[2021-04-26T13:44:22.102-0300][gc,heap     ] GC(4) Humongous regions: 129->129
[2021-04-26T13:44:22.102-0300][gc,metaspace] GC(4) Metaspace: 34509K(35584K)->34509K(35584K) NonClass: 30614K(31488K)->30614K(31488K) Class: 3894K(4096K)->3894K(4096K)
[2021-04-26T13:44:22.102-0300][gc          ] GC(4) Pause Young (Concurrent Start) (Metadata GC Threshold) 151M->142M(1024M) 10.770ms
[2021-04-26T13:44:22.102-0300][gc,cpu      ] GC(4) User=0.03s Sys=0.00s Real=0.01s
[2021-04-26T13:44:22.103-0300][gc          ] GC(5) Concurrent Cycle
[2021-04-26T13:44:22.103-0300][gc,marking  ] GC(5) Concurrent Clear Claimed Marks
[2021-04-26T13:44:22.103-0300][gc,marking  ] GC(5) Concurrent Clear Claimed Marks 0.029ms
[2021-04-26T13:44:22.103-0300][gc,marking  ] GC(5) Concurrent Scan Root Regions
[2021-04-26T13:44:22.109-0300][gc,marking  ] GC(5) Concurrent Scan Root Regions 6.520ms
[2021-04-26T13:44:22.109-0300][gc,marking  ] GC(5) Concurrent Mark (10.001s)
[2021-04-26T13:44:22.109-0300][gc,marking  ] GC(5) Concurrent Mark From Roots
[2021-04-26T13:44:22.109-0300][gc,task     ] GC(5) Using 1 workers of 1 for marking
[2021-04-26T13:44:22.126-0300][gc,marking  ] GC(5) Concurrent Mark From Roots 16.414ms
[2021-04-26T13:44:22.126-0300][gc,marking  ] GC(5) Concurrent Preclean
[2021-04-26T13:44:22.126-0300][gc,marking  ] GC(5) Concurrent Preclean 0.128ms
[2021-04-26T13:44:22.126-0300][gc,marking  ] GC(5) Concurrent Mark (10.001s, 10.018s) 16.649ms
[2021-04-26T13:44:22.126-0300][gc,start    ] GC(5) Pause Remark
[2021-04-26T13:44:22.128-0300][gc          ] GC(5) Pause Remark 143M->143M(1024M) 1.607ms
[2021-04-26T13:44:22.128-0300][gc,cpu      ] GC(5) User=0.01s Sys=0.00s Real=0.00s
[2021-04-26T13:44:22.128-0300][gc,marking  ] GC(5) Concurrent Rebuild Remembered Sets
[2021-04-26T13:44:22.144-0300][gc,marking  ] GC(5) Concurrent Rebuild Remembered Sets 16.410ms
[2021-04-26T13:44:22.145-0300][gc,start    ] GC(5) Pause Cleanup
[2021-04-26T13:44:22.145-0300][gc          ] GC(5) Pause Cleanup 143M->143M(1024M) 0.147ms
[2021-04-26T13:44:22.145-0300][gc,cpu      ] GC(5) User=0.00s Sys=0.00s Real=0.00s
[2021-04-26T13:44:22.145-0300][gc,marking  ] GC(5) Concurrent Cleanup for Next Mark
[2021-04-26T13:44:22.156-0300][gc,marking  ] GC(5) Concurrent Cleanup for Next Mark 10.792ms
[2021-04-26T13:44:22.156-0300][gc          ] GC(5) Concurrent Cycle 53.254ms
[2021-04-26T13:48:20.296-0300][gc,start    ] GC(6) Pause Young (Normal) (G1 Evacuation Pause)
[2021-04-26T13:48:20.296-0300][gc,task     ] GC(6) Using 4 workers of 4 for evacuation
[2021-04-26T13:48:20.304-0300][gc,phases   ] GC(6)   Pre Evacuate Collection Set: 0.2ms
[2021-04-26T13:48:20.304-0300][gc,phases   ] GC(6)   Merge Heap Roots: 0.2ms
[2021-04-26T13:48:20.304-0300][gc,phases   ] GC(6)   Evacuate Collection Set: 7.5ms
[2021-04-26T13:48:20.304-0300][gc,phases   ] GC(6)   Post Evacuate Collection Set: 0.7ms
[2021-04-26T13:48:20.305-0300][gc,phases   ] GC(6)   Other: 0.3ms
[2021-04-26T13:48:20.305-0300][gc,heap     ] GC(6) Eden regions: 50->0(47)
[2021-04-26T13:48:20.305-0300][gc,heap     ] GC(6) Survivor regions: 1->4(7)
[2021-04-26T13:48:20.305-0300][gc,heap     ] GC(6) Old regions: 13->13
[2021-04-26T13:48:20.305-0300][gc,heap     ] GC(6) Archive regions: 2->2
[2021-04-26T13:48:20.305-0300][gc,heap     ] GC(6) Humongous regions: 129->129
[2021-04-26T13:48:20.305-0300][gc,metaspace] GC(6) Metaspace: 40530K(41728K)->40530K(41728K) NonClass: 35757K(36608K)->35757K(36608K) Class: 4772K(5120K)->4772K(5120K)
[2021-04-26T13:48:20.305-0300][gc          ] GC(6) Pause Young (Normal) (G1 Evacuation Pause) 192M->145M(1024M) 9.035ms
[2021-04-26T13:48:20.305-0300][gc,cpu      ] GC(6) User=0.02s Sys=0.00s Real=0.01s
