[2021-04-25T13:20:11.634-0300][gc] Using G1
[2021-04-25T13:20:11.642-0300][gc,init] Version: 15.0.2+7-27 (release)
[2021-04-25T13:20:11.642-0300][gc,init] CPUs: 4 total, 4 available
[2021-04-25T13:20:11.642-0300][gc,init] Memory: 8192M
[2021-04-25T13:20:11.642-0300][gc,init] Large Page Support: Disabled
[2021-04-25T13:20:11.642-0300][gc,init] NUMA Support: Disabled
[2021-04-25T13:20:11.642-0300][gc,init] Compressed Oops: Enabled (Zero based)
[2021-04-25T13:20:11.642-0300][gc,init] Heap Region Size: 1M
[2021-04-25T13:20:11.642-0300][gc,init] Heap Min Capacity: 1G
[2021-04-25T13:20:11.642-0300][gc,init] Heap Initial Capacity: 1G
[2021-04-25T13:20:11.642-0300][gc,init] Heap Max Capacity: 1G
[2021-04-25T13:20:11.642-0300][gc,init] Pre-touch: Disabled
[2021-04-25T13:20:11.642-0300][gc,init] Parallel Workers: 4
[2021-04-25T13:20:11.642-0300][gc,init] Concurrent Workers: 1
[2021-04-25T13:20:11.642-0300][gc,init] Concurrent Refinement Workers: 4
[2021-04-25T13:20:11.642-0300][gc,init] Periodic GC: Disabled
[2021-04-25T13:20:11.642-0300][gc,cds ] Mark closed archive regions in map: [0x00000007fff00000, 0x00000007fff78ff8]
[2021-04-25T13:20:11.642-0300][gc,cds ] Mark open archive regions in map: [0x00000007ffe00000, 0x00000007ffe50ff8]
[2021-04-25T13:20:11.642-0300][gc,metaspace] CDS archive(s) mapped at: [0x0000000800000000-0x0000000800b2b000-0x0000000800b2b000), size 11710464, SharedBaseAddress: 0x0000000800000000, ArchiveRelocationMode: 0.
[2021-04-25T13:20:11.642-0300][gc,metaspace] Compressed class space mapped at: 0x0000000800b2c000-0x0000000840b2c000, size: 1073741824
[2021-04-25T13:20:11.642-0300][gc,metaspace] Narrow klass base: 0x0000000800000000, Narrow klass shift: 3, Narrow klass range: 0x100000000
[2021-04-25T13:20:19.203-0300][gc,start    ] GC(0) Pause Young (Normal) (G1 Evacuation Pause)
[2021-04-25T13:20:19.204-0300][gc,task     ] GC(0) Using 4 workers of 4 for evacuation
[2021-04-25T13:20:19.282-0300][gc,mmu      ] GC(0) MMU target violated: 21,0ms (20,0ms/21,0ms)
[2021-04-25T13:20:19.283-0300][gc,phases   ] GC(0)   Pre Evacuate Collection Set: 0,7ms
[2021-04-25T13:20:19.283-0300][gc,phases   ] GC(0)   Merge Heap Roots: 0,1ms
[2021-04-25T13:20:19.283-0300][gc,phases   ] GC(0)   Evacuate Collection Set: 75,1ms
[2021-04-25T13:20:19.283-0300][gc,phases   ] GC(0)   Post Evacuate Collection Set: 2,0ms
[2021-04-25T13:20:19.283-0300][gc,phases   ] GC(0)   Other: 1,9ms
[2021-04-25T13:20:19.283-0300][gc,heap     ] GC(0) Eden regions: 51->0(44)
[2021-04-25T13:20:19.283-0300][gc,heap     ] GC(0) Survivor regions: 0->7(7)
[2021-04-25T13:20:19.283-0300][gc,heap     ] GC(0) Old regions: 0->0
[2021-04-25T13:20:19.283-0300][gc,heap     ] GC(0) Archive regions: 2->2
[2021-04-25T13:20:19.283-0300][gc,heap     ] GC(0) Humongous regions: 0->0
[2021-04-25T13:20:19.283-0300][gc,metaspace] GC(0) Metaspace: 19204K(19840K)->19204K(19840K) NonClass: 16900K(17408K)->16900K(17408K) Class: 2304K(2432K)->2304K(2432K)
[2021-04-25T13:20:19.284-0300][gc          ] GC(0) Pause Young (Normal) (G1 Evacuation Pause) 51M->7M(1024M) 80,630ms
[2021-04-25T13:20:19.284-0300][gc,cpu      ] GC(0) User=0,02s Sys=0,01s Real=0,08s
[2021-04-25T13:20:19.603-0300][gc,start    ] GC(1) Pause Young (Concurrent Start) (Metadata GC Threshold)
[2021-04-25T13:20:19.603-0300][gc,task     ] GC(1) Using 4 workers of 4 for evacuation
[2021-04-25T13:20:19.621-0300][gc,phases   ] GC(1)   Pre Evacuate Collection Set: 0,3ms
[2021-04-25T13:20:19.621-0300][gc,phases   ] GC(1)   Merge Heap Roots: 0,1ms
[2021-04-25T13:20:19.621-0300][gc,phases   ] GC(1)   Evacuate Collection Set: 16,5ms
[2021-04-25T13:20:19.621-0300][gc,phases   ] GC(1)   Post Evacuate Collection Set: 0,9ms
[2021-04-25T13:20:19.621-0300][gc,phases   ] GC(1)   Other: 0,5ms
[2021-04-25T13:20:19.621-0300][gc,heap     ] GC(1) Eden regions: 6->0(50)
[2021-04-25T13:20:19.621-0300][gc,heap     ] GC(1) Survivor regions: 7->1(7)
[2021-04-25T13:20:19.621-0300][gc,heap     ] GC(1) Old regions: 0->7
[2021-04-25T13:20:19.621-0300][gc,heap     ] GC(1) Archive regions: 2->2
[2021-04-25T13:20:19.621-0300][gc,heap     ] GC(1) Humongous regions: 0->0
[2021-04-25T13:20:19.621-0300][gc,metaspace] GC(1) Metaspace: 20535K(21248K)->20535K(21248K) NonClass: 18083K(18688K)->18083K(18688K) Class: 2452K(2560K)->2452K(2560K)
[2021-04-25T13:20:19.622-0300][gc          ] GC(1) Pause Young (Concurrent Start) (Metadata GC Threshold) 13M->8M(1024M) 18,281ms
[2021-04-25T13:20:19.622-0300][gc,cpu      ] GC(1) User=0,02s Sys=0,01s Real=0,02s
[2021-04-25T13:20:19.622-0300][gc          ] GC(2) Concurrent Cycle
[2021-04-25T13:20:19.622-0300][gc,marking  ] GC(2) Concurrent Clear Claimed Marks
[2021-04-25T13:20:19.622-0300][gc,marking  ] GC(2) Concurrent Clear Claimed Marks 0,024ms
[2021-04-25T13:20:19.622-0300][gc,marking  ] GC(2) Concurrent Scan Root Regions
[2021-04-25T13:20:19.627-0300][gc,marking  ] GC(2) Concurrent Scan Root Regions 5,787ms
[2021-04-25T13:20:19.627-0300][gc,marking  ] GC(2) Concurrent Mark (8,003s)
[2021-04-25T13:20:19.627-0300][gc,marking  ] GC(2) Concurrent Mark From Roots
[2021-04-25T13:20:19.627-0300][gc,task     ] GC(2) Using 1 workers of 1 for marking
[2021-04-25T13:20:19.629-0300][gc,marking  ] GC(2) Concurrent Mark From Roots 1,545ms
[2021-04-25T13:20:19.629-0300][gc,marking  ] GC(2) Concurrent Preclean
[2021-04-25T13:20:19.629-0300][gc,marking  ] GC(2) Concurrent Preclean 0,032ms
[2021-04-25T13:20:19.629-0300][gc,marking  ] GC(2) Concurrent Mark (8,003s, 8,004s) 1,648ms
[2021-04-25T13:20:19.629-0300][gc,start    ] GC(2) Pause Remark
[2021-04-25T13:20:19.630-0300][gc          ] GC(2) Pause Remark 8M->8M(1024M) 0,930ms
[2021-04-25T13:20:19.630-0300][gc,cpu      ] GC(2) User=0,00s Sys=0,00s Real=0,01s
[2021-04-25T13:20:19.630-0300][gc,marking  ] GC(2) Concurrent Rebuild Remembered Sets
[2021-04-25T13:20:19.637-0300][gc,marking  ] GC(2) Concurrent Rebuild Remembered Sets 6,229ms
[2021-04-25T13:20:19.637-0300][gc,start    ] GC(2) Pause Cleanup
[2021-04-25T13:20:19.637-0300][gc          ] GC(2) Pause Cleanup 8M->8M(1024M) 0,179ms
[2021-04-25T13:20:19.637-0300][gc,cpu      ] GC(2) User=0,00s Sys=0,00s Real=0,00s
[2021-04-25T13:20:19.637-0300][gc,marking  ] GC(2) Concurrent Cleanup for Next Mark
[2021-04-25T13:20:19.652-0300][gc,marking  ] GC(2) Concurrent Cleanup for Next Mark 14,766ms
[2021-04-25T13:20:19.652-0300][gc          ] GC(2) Concurrent Cycle 30,682ms
[2021-04-25T13:20:21.763-0300][gc,start    ] GC(3) Pause Young (Normal) (GCLocker Initiated GC)
[2021-04-25T13:20:21.764-0300][gc,task     ] GC(3) Using 4 workers of 4 for evacuation
[2021-04-25T13:20:21.772-0300][gc,phases   ] GC(3)   Pre Evacuate Collection Set: 0,1ms
[2021-04-25T13:20:21.772-0300][gc,phases   ] GC(3)   Merge Heap Roots: 0,0ms
[2021-04-25T13:20:21.772-0300][gc,phases   ] GC(3)   Evacuate Collection Set: 7,5ms
[2021-04-25T13:20:21.772-0300][gc,phases   ] GC(3)   Post Evacuate Collection Set: 0,7ms
[2021-04-25T13:20:21.772-0300][gc,phases   ] GC(3)   Other: 0,1ms
[2021-04-25T13:20:21.772-0300][gc,heap     ] GC(3) Eden regions: 50->0(45)
[2021-04-25T13:20:21.772-0300][gc,heap     ] GC(3) Survivor regions: 1->6(7)
[2021-04-25T13:20:21.772-0300][gc,heap     ] GC(3) Old regions: 7->7
[2021-04-25T13:20:21.772-0300][gc,heap     ] GC(3) Archive regions: 2->2
[2021-04-25T13:20:21.772-0300][gc,heap     ] GC(3) Humongous regions: 129->129
[2021-04-25T13:20:21.772-0300][gc,metaspace] GC(3) Metaspace: 32251K(33280K)->32251K(33280K) NonClass: 28652K(29440K)->28652K(29440K) Class: 3599K(3840K)->3599K(3840K)
[2021-04-25T13:20:21.772-0300][gc          ] GC(3) Pause Young (Normal) (GCLocker Initiated GC) 187M->141M(1024M) 8,658ms
[2021-04-25T13:20:21.772-0300][gc,cpu      ] GC(3) User=0,02s Sys=0,00s Real=0,01s
[2021-04-25T13:20:21.958-0300][gc,start    ] GC(4) Pause Young (Concurrent Start) (Metadata GC Threshold)
[2021-04-25T13:20:21.959-0300][gc,task     ] GC(4) Using 4 workers of 4 for evacuation
[2021-04-25T13:20:21.967-0300][gc,phases   ] GC(4)   Pre Evacuate Collection Set: 0,1ms
[2021-04-25T13:20:21.967-0300][gc,phases   ] GC(4)   Merge Heap Roots: 0,0ms
[2021-04-25T13:20:21.967-0300][gc,phases   ] GC(4)   Evacuate Collection Set: 7,9ms
[2021-04-25T13:20:21.967-0300][gc,phases   ] GC(4)   Post Evacuate Collection Set: 0,6ms
[2021-04-25T13:20:21.968-0300][gc,phases   ] GC(4)   Other: 0,3ms
[2021-04-25T13:20:21.968-0300][gc,heap     ] GC(4) Eden regions: 10->0(50)
[2021-04-25T13:20:21.968-0300][gc,heap     ] GC(4) Survivor regions: 6->1(7)
[2021-04-25T13:20:21.968-0300][gc,heap     ] GC(4) Old regions: 7->12
[2021-04-25T13:20:21.968-0300][gc,heap     ] GC(4) Archive regions: 2->2
[2021-04-25T13:20:21.968-0300][gc,heap     ] GC(4) Humongous regions: 129->129
[2021-04-25T13:20:21.968-0300][gc,metaspace] GC(4) Metaspace: 34453K(35584K)->34453K(35584K) NonClass: 30574K(31488K)->30574K(31488K) Class: 3878K(4096K)->3878K(4096K)
[2021-04-25T13:20:21.968-0300][gc          ] GC(4) Pause Young (Concurrent Start) (Metadata GC Threshold) 151M->142M(1024M) 9,344ms
[2021-04-25T13:20:21.968-0300][gc,cpu      ] GC(4) User=0,03s Sys=0,01s Real=0,01s
[2021-04-25T13:20:21.968-0300][gc          ] GC(5) Concurrent Cycle
[2021-04-25T13:20:21.968-0300][gc,marking  ] GC(5) Concurrent Clear Claimed Marks
[2021-04-25T13:20:21.968-0300][gc,marking  ] GC(5) Concurrent Clear Claimed Marks 0,037ms
[2021-04-25T13:20:21.968-0300][gc,marking  ] GC(5) Concurrent Scan Root Regions
[2021-04-25T13:20:21.976-0300][gc,marking  ] GC(5) Concurrent Scan Root Regions 8,154ms
[2021-04-25T13:20:21.976-0300][gc,marking  ] GC(5) Concurrent Mark (10,351s)
[2021-04-25T13:20:21.976-0300][gc,marking  ] GC(5) Concurrent Mark From Roots
[2021-04-25T13:20:21.976-0300][gc,task     ] GC(5) Using 1 workers of 1 for marking
[2021-04-25T13:20:21.994-0300][gc,marking  ] GC(5) Concurrent Mark From Roots 17,630ms
[2021-04-25T13:20:21.994-0300][gc,marking  ] GC(5) Concurrent Preclean
[2021-04-25T13:20:21.994-0300][gc,marking  ] GC(5) Concurrent Preclean 0,143ms
[2021-04-25T13:20:21.994-0300][gc,marking  ] GC(5) Concurrent Mark (10,351s, 10,369s) 17,886ms
[2021-04-25T13:20:21.994-0300][gc,start    ] GC(5) Pause Remark
[2021-04-25T13:20:21.996-0300][gc          ] GC(5) Pause Remark 143M->143M(1024M) 1,739ms
[2021-04-25T13:20:21.996-0300][gc,cpu      ] GC(5) User=0,00s Sys=0,00s Real=0,00s
[2021-04-25T13:20:21.996-0300][gc,marking  ] GC(5) Concurrent Rebuild Remembered Sets
[2021-04-25T13:20:22.012-0300][gc,marking  ] GC(5) Concurrent Rebuild Remembered Sets 15,708ms
[2021-04-25T13:20:22.012-0300][gc,start    ] GC(5) Pause Cleanup
[2021-04-25T13:20:22.012-0300][gc          ] GC(5) Pause Cleanup 143M->143M(1024M) 0,155ms
[2021-04-25T13:20:22.012-0300][gc,cpu      ] GC(5) User=0,00s Sys=0,00s Real=0,00s
[2021-04-25T13:20:22.012-0300][gc,marking  ] GC(5) Concurrent Cleanup for Next Mark
[2021-04-25T13:20:22.024-0300][gc,marking  ] GC(5) Concurrent Cleanup for Next Mark 11,908ms
[2021-04-25T13:20:22.024-0300][gc          ] GC(5) Concurrent Cycle 56,509ms
[2021-04-25T14:30:21.385-0300][gc,start    ] GC(6) Pause Young (Normal) (G1 Evacuation Pause)
[2021-04-25T14:30:21.386-0300][gc,task     ] GC(6) Using 4 workers of 4 for evacuation
[2021-04-25T14:30:21.450-0300][gc,mmu      ] GC(6) MMU target violated: 21,0ms (20,0ms/21,0ms)
[2021-04-25T14:30:21.450-0300][gc,phases   ] GC(6)   Pre Evacuate Collection Set: 4,5ms
[2021-04-25T14:30:21.450-0300][gc,phases   ] GC(6)   Merge Heap Roots: 1,0ms
[2021-04-25T14:30:21.450-0300][gc,phases   ] GC(6)   Evacuate Collection Set: 56,5ms
[2021-04-25T14:30:21.450-0300][gc,phases   ] GC(6)   Post Evacuate Collection Set: 1,4ms
[2021-04-25T14:30:21.450-0300][gc,phases   ] GC(6)   Other: 5,5ms
[2021-04-25T14:30:21.450-0300][gc,heap     ] GC(6) Eden regions: 50->0(49)
[2021-04-25T14:30:21.450-0300][gc,heap     ] GC(6) Survivor regions: 1->2(7)
[2021-04-25T14:30:21.450-0300][gc,heap     ] GC(6) Old regions: 12->12
[2021-04-25T14:30:21.450-0300][gc,heap     ] GC(6) Archive regions: 2->2
[2021-04-25T14:30:21.450-0300][gc,heap     ] GC(6) Humongous regions: 129->129
[2021-04-25T14:30:21.450-0300][gc,metaspace] GC(6) Metaspace: 38908K(40192K)->38908K(40192K) NonClass: 34270K(35328K)->34270K(35328K) Class: 4637K(4864K)->4637K(4864K)
[2021-04-25T14:30:21.450-0300][gc          ] GC(6) Pause Young (Normal) (G1 Evacuation Pause) 192M->143M(1024M) 66,810ms
[2021-04-25T14:30:21.450-0300][gc,cpu      ] GC(6) User=0,02s Sys=0,08s Real=0,07s
[2021-04-25T15:55:59.343-0300][gc,start    ] GC(7) Pause Young (Normal) (G1 Evacuation Pause)
[2021-04-25T15:55:59.343-0300][gc,task     ] GC(7) Using 4 workers of 4 for evacuation
[2021-04-25T15:55:59.367-0300][gc,mmu      ] GC(7) MMU target violated: 21,0ms (20,0ms/21,0ms)
[2021-04-25T15:55:59.367-0300][gc,phases   ] GC(7)   Pre Evacuate Collection Set: 1,6ms
[2021-04-25T15:55:59.368-0300][gc,phases   ] GC(7)   Merge Heap Roots: 0,3ms
[2021-04-25T15:55:59.368-0300][gc,phases   ] GC(7)   Evacuate Collection Set: 20,3ms
[2021-04-25T15:55:59.368-0300][gc,phases   ] GC(7)   Post Evacuate Collection Set: 1,6ms
[2021-04-25T15:55:59.368-0300][gc,phases   ] GC(7)   Other: 1,6ms
[2021-04-25T15:55:59.368-0300][gc,heap     ] GC(7) Eden regions: 49->0(49)
[2021-04-25T15:55:59.368-0300][gc,heap     ] GC(7) Survivor regions: 2->2(7)
[2021-04-25T15:55:59.368-0300][gc,heap     ] GC(7) Old regions: 12->12
[2021-04-25T15:55:59.368-0300][gc,heap     ] GC(7) Archive regions: 2->2
[2021-04-25T15:55:59.368-0300][gc,heap     ] GC(7) Humongous regions: 129->129
[2021-04-25T15:55:59.368-0300][gc,metaspace] GC(7) Metaspace: 39265K(40448K)->39265K(40448K) NonClass: 34616K(35584K)->34616K(35584K) Class: 4649K(4864K)->4649K(4864K)
[2021-04-25T15:55:59.368-0300][gc          ] GC(7) Pause Young (Normal) (G1 Evacuation Pause) 192M->143M(1024M) 25,211ms
[2021-04-25T15:55:59.368-0300][gc,cpu      ] GC(7) User=0,02s Sys=0,04s Real=0,02s
