[2021-04-25T18:49:32.705-0300][gc] Using G1
[2021-04-25T18:49:32.712-0300][gc,init] Version: 15.0.2+7-27 (release)
[2021-04-25T18:49:32.712-0300][gc,init] CPUs: 4 total, 4 available
[2021-04-25T18:49:32.712-0300][gc,init] Memory: 8192M
[2021-04-25T18:49:32.712-0300][gc,init] Large Page Support: Disabled
[2021-04-25T18:49:32.712-0300][gc,init] NUMA Support: Disabled
[2021-04-25T18:49:32.712-0300][gc,init] Compressed Oops: Enabled (Zero based)
[2021-04-25T18:49:32.712-0300][gc,init] Heap Region Size: 1M
[2021-04-25T18:49:32.712-0300][gc,init] Heap Min Capacity: 1G
[2021-04-25T18:49:32.712-0300][gc,init] Heap Initial Capacity: 1G
[2021-04-25T18:49:32.712-0300][gc,init] Heap Max Capacity: 1G
[2021-04-25T18:49:32.712-0300][gc,init] Pre-touch: Disabled
[2021-04-25T18:49:32.712-0300][gc,init] Parallel Workers: 4
[2021-04-25T18:49:32.712-0300][gc,init] Concurrent Workers: 1
[2021-04-25T18:49:32.712-0300][gc,init] Concurrent Refinement Workers: 4
[2021-04-25T18:49:32.712-0300][gc,init] Periodic GC: Disabled
[2021-04-25T18:49:32.713-0300][gc,cds ] Mark closed archive regions in map: [0x00000007fff00000, 0x00000007fff78ff8]
[2021-04-25T18:49:32.713-0300][gc,cds ] Mark open archive regions in map: [0x00000007ffe00000, 0x00000007ffe50ff8]
[2021-04-25T18:49:32.713-0300][gc,metaspace] CDS archive(s) mapped at: [0x0000000800000000-0x0000000800b2b000-0x0000000800b2b000), size 11710464, SharedBaseAddress: 0x0000000800000000, ArchiveRelocationMode: 0.
[2021-04-25T18:49:32.713-0300][gc,metaspace] Compressed class space mapped at: 0x0000000800b2c000-0x0000000840b2c000, size: 1073741824
[2021-04-25T18:49:32.713-0300][gc,metaspace] Narrow klass base: 0x0000000800000000, Narrow klass shift: 3, Narrow klass range: 0x100000000
[2021-04-25T18:49:39.601-0300][gc,start    ] GC(0) Pause Young (Normal) (G1 Evacuation Pause)
[2021-04-25T18:49:39.602-0300][gc,task     ] GC(0) Using 4 workers of 4 for evacuation
[2021-04-25T18:49:39.611-0300][gc,phases   ] GC(0)   Pre Evacuate Collection Set: 0,1ms
[2021-04-25T18:49:39.611-0300][gc,phases   ] GC(0)   Merge Heap Roots: 0,1ms
[2021-04-25T18:49:39.611-0300][gc,phases   ] GC(0)   Evacuate Collection Set: 8,5ms
[2021-04-25T18:49:39.611-0300][gc,phases   ] GC(0)   Post Evacuate Collection Set: 0,5ms
[2021-04-25T18:49:39.611-0300][gc,phases   ] GC(0)   Other: 0,5ms
[2021-04-25T18:49:39.611-0300][gc,heap     ] GC(0) Eden regions: 51->0(44)
[2021-04-25T18:49:39.611-0300][gc,heap     ] GC(0) Survivor regions: 0->7(7)
[2021-04-25T18:49:39.611-0300][gc,heap     ] GC(0) Old regions: 0->1
[2021-04-25T18:49:39.611-0300][gc,heap     ] GC(0) Archive regions: 2->2
[2021-04-25T18:49:39.611-0300][gc,heap     ] GC(0) Humongous regions: 0->0
[2021-04-25T18:49:39.611-0300][gc,metaspace] GC(0) Metaspace: 19204K(19840K)->19204K(19840K) NonClass: 16902K(17408K)->16902K(17408K) Class: 2302K(2432K)->2302K(2432K)
[2021-04-25T18:49:39.611-0300][gc          ] GC(0) Pause Young (Normal) (G1 Evacuation Pause) 51M->7M(1024M) 9,956ms
[2021-04-25T18:49:39.611-0300][gc,cpu      ] GC(0) User=0,02s Sys=0,01s Real=0,01s
[2021-04-25T18:49:39.762-0300][gc,start    ] GC(1) Pause Young (Concurrent Start) (Metadata GC Threshold)
[2021-04-25T18:49:39.762-0300][gc,task     ] GC(1) Using 4 workers of 4 for evacuation
[2021-04-25T18:49:39.776-0300][gc,phases   ] GC(1)   Pre Evacuate Collection Set: 0,1ms
[2021-04-25T18:49:39.777-0300][gc,phases   ] GC(1)   Merge Heap Roots: 0,0ms
[2021-04-25T18:49:39.777-0300][gc,phases   ] GC(1)   Evacuate Collection Set: 10,3ms
[2021-04-25T18:49:39.777-0300][gc,phases   ] GC(1)   Post Evacuate Collection Set: 3,1ms
[2021-04-25T18:49:39.777-0300][gc,phases   ] GC(1)   Other: 0,5ms
[2021-04-25T18:49:39.777-0300][gc,heap     ] GC(1) Eden regions: 6->0(50)
[2021-04-25T18:49:39.777-0300][gc,heap     ] GC(1) Survivor regions: 7->1(7)
[2021-04-25T18:49:39.777-0300][gc,heap     ] GC(1) Old regions: 1->7
[2021-04-25T18:49:39.777-0300][gc,heap     ] GC(1) Archive regions: 2->2
[2021-04-25T18:49:39.777-0300][gc,heap     ] GC(1) Humongous regions: 0->0
[2021-04-25T18:49:39.777-0300][gc,metaspace] GC(1) Metaspace: 20634K(21248K)->20634K(21248K) NonClass: 18170K(18688K)->18170K(18688K) Class: 2463K(2560K)->2463K(2560K)
[2021-04-25T18:49:39.777-0300][gc          ] GC(1) Pause Young (Concurrent Start) (Metadata GC Threshold) 13M->8M(1024M) 15,085ms
[2021-04-25T18:49:39.778-0300][gc,cpu      ] GC(1) User=0,03s Sys=0,01s Real=0,01s
[2021-04-25T18:49:39.778-0300][gc          ] GC(2) Concurrent Cycle
[2021-04-25T18:49:39.778-0300][gc,marking  ] GC(2) Concurrent Clear Claimed Marks
[2021-04-25T18:49:39.778-0300][gc,marking  ] GC(2) Concurrent Clear Claimed Marks 0,105ms
[2021-04-25T18:49:39.778-0300][gc,marking  ] GC(2) Concurrent Scan Root Regions
[2021-04-25T18:49:39.785-0300][gc,marking  ] GC(2) Concurrent Scan Root Regions 6,238ms
[2021-04-25T18:49:39.785-0300][gc,marking  ] GC(2) Concurrent Mark (7,089s)
[2021-04-25T18:49:39.785-0300][gc,marking  ] GC(2) Concurrent Mark From Roots
[2021-04-25T18:49:39.785-0300][gc,task     ] GC(2) Using 1 workers of 1 for marking
[2021-04-25T18:49:39.786-0300][gc,marking  ] GC(2) Concurrent Mark From Roots 1,647ms
[2021-04-25T18:49:39.786-0300][gc,marking  ] GC(2) Concurrent Preclean
[2021-04-25T18:49:39.786-0300][gc,marking  ] GC(2) Concurrent Preclean 0,134ms
[2021-04-25T18:49:39.787-0300][gc,marking  ] GC(2) Concurrent Mark (7,089s, 7,090s) 1,935ms
[2021-04-25T18:49:39.787-0300][gc,start    ] GC(2) Pause Remark
[2021-04-25T18:49:39.789-0300][gc          ] GC(2) Pause Remark 8M->8M(1024M) 2,487ms
[2021-04-25T18:49:39.789-0300][gc,cpu      ] GC(2) User=0,01s Sys=0,01s Real=0,00s
[2021-04-25T18:49:39.789-0300][gc,marking  ] GC(2) Concurrent Rebuild Remembered Sets
[2021-04-25T18:49:39.794-0300][gc,marking  ] GC(2) Concurrent Rebuild Remembered Sets 4,697ms
[2021-04-25T18:49:39.795-0300][gc,start    ] GC(2) Pause Cleanup
[2021-04-25T18:49:39.795-0300][gc          ] GC(2) Pause Cleanup 8M->8M(1024M) 0,162ms
[2021-04-25T18:49:39.795-0300][gc,cpu      ] GC(2) User=0,00s Sys=0,00s Real=0,00s
[2021-04-25T18:49:39.795-0300][gc,marking  ] GC(2) Concurrent Cleanup for Next Mark
[2021-04-25T18:49:39.810-0300][gc,marking  ] GC(2) Concurrent Cleanup for Next Mark 15,083ms
[2021-04-25T18:49:39.810-0300][gc          ] GC(2) Concurrent Cycle 32,134ms
[2021-04-25T18:49:41.095-0300][gc,start    ] GC(3) Pause Young (Normal) (G1 Evacuation Pause)
[2021-04-25T18:49:41.095-0300][gc,task     ] GC(3) Using 4 workers of 4 for evacuation
[2021-04-25T18:49:41.102-0300][gc,phases   ] GC(3)   Pre Evacuate Collection Set: 0,1ms
[2021-04-25T18:49:41.102-0300][gc,phases   ] GC(3)   Merge Heap Roots: 0,0ms
[2021-04-25T18:49:41.102-0300][gc,phases   ] GC(3)   Evacuate Collection Set: 6,1ms
[2021-04-25T18:49:41.102-0300][gc,phases   ] GC(3)   Post Evacuate Collection Set: 0,4ms
[2021-04-25T18:49:41.102-0300][gc,phases   ] GC(3)   Other: 0,3ms
[2021-04-25T18:49:41.102-0300][gc,heap     ] GC(3) Eden regions: 50->0(45)
[2021-04-25T18:49:41.102-0300][gc,heap     ] GC(3) Survivor regions: 1->6(7)
[2021-04-25T18:49:41.102-0300][gc,heap     ] GC(3) Old regions: 7->7
[2021-04-25T18:49:41.102-0300][gc,heap     ] GC(3) Archive regions: 2->2
[2021-04-25T18:49:41.102-0300][gc,heap     ] GC(3) Humongous regions: 129->129
[2021-04-25T18:49:41.102-0300][gc,metaspace] GC(3) Metaspace: 32244K(33276K)->32244K(33276K) NonClass: 28642K(29440K)->28642K(29440K) Class: 3601K(3836K)->3601K(3836K)
[2021-04-25T18:49:41.102-0300][gc          ] GC(3) Pause Young (Normal) (G1 Evacuation Pause) 187M->142M(1024M) 7,142ms
[2021-04-25T18:49:41.102-0300][gc,cpu      ] GC(3) User=0,03s Sys=0,00s Real=0,01s
[2021-04-25T18:50:47.259-0300][gc,start    ] GC(4) Pause Young (Concurrent Start) (Metadata GC Threshold)
[2021-04-25T18:50:47.262-0300][gc,task     ] GC(4) Using 4 workers of 4 for evacuation
[2021-04-25T18:50:47.276-0300][gc,phases   ] GC(4)   Pre Evacuate Collection Set: 0,5ms
[2021-04-25T18:50:47.277-0300][gc,phases   ] GC(4)   Merge Heap Roots: 0,1ms
[2021-04-25T18:50:47.277-0300][gc,phases   ] GC(4)   Evacuate Collection Set: 12,2ms
[2021-04-25T18:50:47.277-0300][gc,phases   ] GC(4)   Post Evacuate Collection Set: 1,6ms
[2021-04-25T18:50:47.277-0300][gc,phases   ] GC(4)   Other: 3,4ms
[2021-04-25T18:50:47.277-0300][gc,heap     ] GC(4) Eden regions: 13->0(50)
[2021-04-25T18:50:47.277-0300][gc,heap     ] GC(4) Survivor regions: 6->1(7)
[2021-04-25T18:50:47.277-0300][gc,heap     ] GC(4) Old regions: 7->12
[2021-04-25T18:50:47.277-0300][gc,heap     ] GC(4) Archive regions: 2->2
[2021-04-25T18:50:47.277-0300][gc,heap     ] GC(4) Humongous regions: 129->129
[2021-04-25T18:50:47.277-0300][gc,metaspace] GC(4) Metaspace: 35081K(36048K)->35081K(36048K) NonClass: 31137K(31956K)->31137K(31956K) Class: 3944K(4092K)->3944K(4092K)
[2021-04-25T18:50:47.277-0300][gc          ] GC(4) Pause Young (Concurrent Start) (Metadata GC Threshold) 154M->142M(1024M) 18,004ms
[2021-04-25T18:50:47.277-0300][gc,cpu      ] GC(4) User=0,03s Sys=0,00s Real=0,02s
[2021-04-25T18:50:47.277-0300][gc          ] GC(5) Concurrent Cycle
[2021-04-25T18:50:47.277-0300][gc,marking  ] GC(5) Concurrent Clear Claimed Marks
[2021-04-25T18:50:47.277-0300][gc,marking  ] GC(5) Concurrent Clear Claimed Marks 0,124ms
[2021-04-25T18:50:47.278-0300][gc,marking  ] GC(5) Concurrent Scan Root Regions
[2021-04-25T18:50:47.283-0300][gc,marking  ] GC(5) Concurrent Scan Root Regions 5,095ms
[2021-04-25T18:50:47.283-0300][gc,marking  ] GC(5) Concurrent Mark (74,585s)
[2021-04-25T18:50:47.283-0300][gc,marking  ] GC(5) Concurrent Mark From Roots
[2021-04-25T18:50:47.283-0300][gc,task     ] GC(5) Using 1 workers of 1 for marking
[2021-04-25T18:50:47.297-0300][gc,marking  ] GC(5) Concurrent Mark From Roots 14,508ms
[2021-04-25T18:50:47.297-0300][gc,marking  ] GC(5) Concurrent Preclean
[2021-04-25T18:50:47.298-0300][gc,marking  ] GC(5) Concurrent Preclean 0,258ms
[2021-04-25T18:50:47.298-0300][gc,marking  ] GC(5) Concurrent Mark (74,585s, 74,600s) 14,974ms
[2021-04-25T18:50:47.298-0300][gc,start    ] GC(5) Pause Remark
[2021-04-25T18:50:47.302-0300][gc          ] GC(5) Pause Remark 143M->143M(1024M) 3,883ms
[2021-04-25T18:50:47.302-0300][gc,cpu      ] GC(5) User=0,01s Sys=0,00s Real=0,01s
[2021-04-25T18:50:47.302-0300][gc,marking  ] GC(5) Concurrent Rebuild Remembered Sets
[2021-04-25T18:50:47.317-0300][gc,marking  ] GC(5) Concurrent Rebuild Remembered Sets 14,917ms
[2021-04-25T18:50:47.317-0300][gc,start    ] GC(5) Pause Cleanup
[2021-04-25T18:50:47.318-0300][gc          ] GC(5) Pause Cleanup 143M->143M(1024M) 0,202ms
[2021-04-25T18:50:47.318-0300][gc,cpu      ] GC(5) User=0,00s Sys=0,00s Real=0,00s
[2021-04-25T18:50:47.318-0300][gc,marking  ] GC(5) Concurrent Cleanup for Next Mark
[2021-04-25T18:50:47.344-0300][gc,marking  ] GC(5) Concurrent Cleanup for Next Mark 26,143ms
[2021-04-25T18:50:47.344-0300][gc          ] GC(5) Concurrent Cycle 66,623ms
[2021-04-25T19:13:47.621-0300][gc,heap,exit] Heap
[2021-04-25T19:13:47.622-0300][gc,heap,exit]  garbage-first heap   total 1048576K, used 167643K [0x00000007c0000000, 0x0000000800000000)
[2021-04-25T19:13:47.622-0300][gc,heap,exit]   region size 1024K, 23 young (23552K), 1 survivors (1024K)
[2021-04-25T19:13:47.622-0300][gc,heap,exit]  Metaspace       used 35875K, capacity 36230K, committed 37072K, reserved 1081344K
[2021-04-25T19:13:47.622-0300][gc,heap,exit]   class space    used 4083K, capacity 4209K, committed 4348K, reserved 1048576K
