[2021-04-26T13:58:30.218-0300][gc] Using G1
[2021-04-26T13:58:30.225-0300][gc,init] Version: 15.0.2+7-27 (release)
[2021-04-26T13:58:30.225-0300][gc,init] CPUs: 4 total, 4 available
[2021-04-26T13:58:30.225-0300][gc,init] Memory: 8192M
[2021-04-26T13:58:30.225-0300][gc,init] Large Page Support: Disabled
[2021-04-26T13:58:30.225-0300][gc,init] NUMA Support: Disabled
[2021-04-26T13:58:30.225-0300][gc,init] Compressed Oops: Enabled (Zero based)
[2021-04-26T13:58:30.225-0300][gc,init] Heap Region Size: 1M
[2021-04-26T13:58:30.225-0300][gc,init] Heap Min Capacity: 1G
[2021-04-26T13:58:30.225-0300][gc,init] Heap Initial Capacity: 1G
[2021-04-26T13:58:30.225-0300][gc,init] Heap Max Capacity: 1G
[2021-04-26T13:58:30.225-0300][gc,init] Pre-touch: Disabled
[2021-04-26T13:58:30.225-0300][gc,init] Parallel Workers: 4
[2021-04-26T13:58:30.225-0300][gc,init] Concurrent Workers: 1
[2021-04-26T13:58:30.225-0300][gc,init] Concurrent Refinement Workers: 4
[2021-04-26T13:58:30.225-0300][gc,init] Periodic GC: Disabled
[2021-04-26T13:58:30.226-0300][gc,cds ] Mark closed archive regions in map: [0x00000007fff00000, 0x00000007fff78ff8]
[2021-04-26T13:58:30.226-0300][gc,cds ] Mark open archive regions in map: [0x00000007ffe00000, 0x00000007ffe50ff8]
[2021-04-26T13:58:30.226-0300][gc,metaspace] CDS archive(s) mapped at: [0x0000000800000000-0x0000000800b2b000-0x0000000800b2b000), size 11710464, SharedBaseAddress: 0x0000000800000000, ArchiveRelocationMode: 0.
[2021-04-26T13:58:30.226-0300][gc,metaspace] Compressed class space mapped at: 0x0000000800b2c000-0x0000000840b2c000, size: 1073741824
[2021-04-26T13:58:30.226-0300][gc,metaspace] Narrow klass base: 0x0000000800000000, Narrow klass shift: 3, Narrow klass range: 0x100000000
[2021-04-26T13:58:37.009-0300][gc,start    ] GC(0) Pause Young (Normal) (G1 Evacuation Pause)
[2021-04-26T13:58:37.009-0300][gc,task     ] GC(0) Using 4 workers of 4 for evacuation
[2021-04-26T13:58:37.026-0300][gc,phases   ] GC(0)   Pre Evacuate Collection Set: 0.1ms
[2021-04-26T13:58:37.026-0300][gc,phases   ] GC(0)   Merge Heap Roots: 0.0ms
[2021-04-26T13:58:37.026-0300][gc,phases   ] GC(0)   Evacuate Collection Set: 15.9ms
[2021-04-26T13:58:37.026-0300][gc,phases   ] GC(0)   Post Evacuate Collection Set: 0.5ms
[2021-04-26T13:58:37.026-0300][gc,phases   ] GC(0)   Other: 0.4ms
[2021-04-26T13:58:37.026-0300][gc,heap     ] GC(0) Eden regions: 51->0(44)
[2021-04-26T13:58:37.026-0300][gc,heap     ] GC(0) Survivor regions: 0->7(7)
[2021-04-26T13:58:37.026-0300][gc,heap     ] GC(0) Old regions: 0->0
[2021-04-26T13:58:37.026-0300][gc,heap     ] GC(0) Archive regions: 2->2
[2021-04-26T13:58:37.026-0300][gc,heap     ] GC(0) Humongous regions: 0->0
[2021-04-26T13:58:37.026-0300][gc,metaspace] GC(0) Metaspace: 19154K(19840K)->19154K(19840K) NonClass: 16860K(17408K)->16860K(17408K) Class: 2293K(2432K)->2293K(2432K)
[2021-04-26T13:58:37.026-0300][gc          ] GC(0) Pause Young (Normal) (G1 Evacuation Pause) 51M->7M(1024M) 17.190ms
[2021-04-26T13:58:37.026-0300][gc,cpu      ] GC(0) User=0.03s Sys=0.01s Real=0.02s
[2021-04-26T13:58:37.254-0300][gc,start    ] GC(1) Pause Young (Concurrent Start) (Metadata GC Threshold)
[2021-04-26T13:58:37.254-0300][gc,task     ] GC(1) Using 4 workers of 4 for evacuation
[2021-04-26T13:58:37.262-0300][gc,phases   ] GC(1)   Pre Evacuate Collection Set: 0.1ms
[2021-04-26T13:58:37.262-0300][gc,phases   ] GC(1)   Merge Heap Roots: 0.0ms
[2021-04-26T13:58:37.262-0300][gc,phases   ] GC(1)   Evacuate Collection Set: 7.6ms
[2021-04-26T13:58:37.262-0300][gc,phases   ] GC(1)   Post Evacuate Collection Set: 0.4ms
[2021-04-26T13:58:37.262-0300][gc,phases   ] GC(1)   Other: 0.2ms
[2021-04-26T13:58:37.262-0300][gc,heap     ] GC(1) Eden regions: 7->0(50)
[2021-04-26T13:58:37.262-0300][gc,heap     ] GC(1) Survivor regions: 7->1(7)
[2021-04-26T13:58:37.262-0300][gc,heap     ] GC(1) Old regions: 0->7
[2021-04-26T13:58:37.262-0300][gc,heap     ] GC(1) Archive regions: 2->2
[2021-04-26T13:58:37.262-0300][gc,heap     ] GC(1) Humongous regions: 0->0
[2021-04-26T13:58:37.262-0300][gc,metaspace] GC(1) Metaspace: 20633K(21248K)->20633K(21248K) NonClass: 18168K(18688K)->18168K(18688K) Class: 2464K(2560K)->2464K(2560K)
[2021-04-26T13:58:37.262-0300][gc          ] GC(1) Pause Young (Concurrent Start) (Metadata GC Threshold) 13M->8M(1024M) 8.543ms
[2021-04-26T13:58:37.262-0300][gc,cpu      ] GC(1) User=0.03s Sys=0.00s Real=0.01s
[2021-04-26T13:58:37.262-0300][gc          ] GC(2) Concurrent Cycle
[2021-04-26T13:58:37.262-0300][gc,marking  ] GC(2) Concurrent Clear Claimed Marks
[2021-04-26T13:58:37.262-0300][gc,marking  ] GC(2) Concurrent Clear Claimed Marks 0.044ms
[2021-04-26T13:58:37.262-0300][gc,marking  ] GC(2) Concurrent Scan Root Regions
[2021-04-26T13:58:37.269-0300][gc,marking  ] GC(2) Concurrent Scan Root Regions 6.086ms
[2021-04-26T13:58:37.269-0300][gc,marking  ] GC(2) Concurrent Mark (7.060s)
[2021-04-26T13:58:37.269-0300][gc,marking  ] GC(2) Concurrent Mark From Roots
[2021-04-26T13:58:37.269-0300][gc,task     ] GC(2) Using 1 workers of 1 for marking
[2021-04-26T13:58:37.270-0300][gc,marking  ] GC(2) Concurrent Mark From Roots 1.217ms
[2021-04-26T13:58:37.270-0300][gc,marking  ] GC(2) Concurrent Preclean
[2021-04-26T13:58:37.270-0300][gc,marking  ] GC(2) Concurrent Preclean 0.029ms
[2021-04-26T13:58:37.270-0300][gc,marking  ] GC(2) Concurrent Mark (7.060s, 7.061s) 1.321ms
[2021-04-26T13:58:37.270-0300][gc,start    ] GC(2) Pause Remark
[2021-04-26T13:58:37.271-0300][gc          ] GC(2) Pause Remark 9M->9M(1024M) 1.046ms
[2021-04-26T13:58:37.271-0300][gc,cpu      ] GC(2) User=0.00s Sys=0.00s Real=0.00s
[2021-04-26T13:58:37.271-0300][gc,marking  ] GC(2) Concurrent Rebuild Remembered Sets
[2021-04-26T13:58:37.276-0300][gc,marking  ] GC(2) Concurrent Rebuild Remembered Sets 4.507ms
[2021-04-26T13:58:37.276-0300][gc,start    ] GC(2) Pause Cleanup
[2021-04-26T13:58:37.276-0300][gc          ] GC(2) Pause Cleanup 9M->9M(1024M) 0.146ms
[2021-04-26T13:58:37.276-0300][gc,cpu      ] GC(2) User=0.00s Sys=0.00s Real=0.00s
[2021-04-26T13:58:37.276-0300][gc,marking  ] GC(2) Concurrent Cleanup for Next Mark
[2021-04-26T13:58:37.290-0300][gc,marking  ] GC(2) Concurrent Cleanup for Next Mark 13.194ms
[2021-04-26T13:58:37.290-0300][gc          ] GC(2) Concurrent Cycle 27.439ms
[2021-04-26T13:58:39.777-0300][gc,start    ] GC(3) Pause Young (Normal) (G1 Evacuation Pause)
[2021-04-26T13:58:39.778-0300][gc,task     ] GC(3) Using 4 workers of 4 for evacuation
[2021-04-26T13:58:39.791-0300][gc,phases   ] GC(3)   Pre Evacuate Collection Set: 0.1ms
[2021-04-26T13:58:39.791-0300][gc,phases   ] GC(3)   Merge Heap Roots: 0.1ms
[2021-04-26T13:58:39.791-0300][gc,phases   ] GC(3)   Evacuate Collection Set: 11.7ms
[2021-04-26T13:58:39.791-0300][gc,phases   ] GC(3)   Post Evacuate Collection Set: 0.9ms
[2021-04-26T13:58:39.791-0300][gc,phases   ] GC(3)   Other: 1.1ms
[2021-04-26T13:58:39.791-0300][gc,heap     ] GC(3) Eden regions: 50->0(46)
[2021-04-26T13:58:39.791-0300][gc,heap     ] GC(3) Survivor regions: 1->5(7)
[2021-04-26T13:58:39.791-0300][gc,heap     ] GC(3) Old regions: 7->7
[2021-04-26T13:58:39.791-0300][gc,heap     ] GC(3) Archive regions: 2->2
[2021-04-26T13:58:39.791-0300][gc,heap     ] GC(3) Humongous regions: 129->129
[2021-04-26T13:58:39.791-0300][gc,metaspace] GC(3) Metaspace: 30371K(31228K)->30371K(31228K) NonClass: 26934K(27648K)->26934K(27648K) Class: 3437K(3580K)->3437K(3580K)
[2021-04-26T13:58:39.791-0300][gc          ] GC(3) Pause Young (Normal) (G1 Evacuation Pause) 187M->141M(1024M) 14.375ms
[2021-04-26T13:58:39.792-0300][gc,cpu      ] GC(3) User=0.03s Sys=0.00s Real=0.02s
[2021-04-26T13:58:40.260-0300][gc,start    ] GC(4) Pause Young (Concurrent Start) (Metadata GC Threshold)
[2021-04-26T13:58:40.260-0300][gc,task     ] GC(4) Using 4 workers of 4 for evacuation
[2021-04-26T13:58:40.269-0300][gc,phases   ] GC(4)   Pre Evacuate Collection Set: 0.1ms
[2021-04-26T13:58:40.269-0300][gc,phases   ] GC(4)   Merge Heap Roots: 0.1ms
[2021-04-26T13:58:40.269-0300][gc,phases   ] GC(4)   Evacuate Collection Set: 8.3ms
[2021-04-26T13:58:40.269-0300][gc,phases   ] GC(4)   Post Evacuate Collection Set: 0.4ms
[2021-04-26T13:58:40.269-0300][gc,phases   ] GC(4)   Other: 0.3ms
[2021-04-26T13:58:40.269-0300][gc,heap     ] GC(4) Eden regions: 18->0(49)
[2021-04-26T13:58:40.269-0300][gc,heap     ] GC(4) Survivor regions: 5->2(7)
[2021-04-26T13:58:40.269-0300][gc,heap     ] GC(4) Old regions: 7->12
[2021-04-26T13:58:40.269-0300][gc,heap     ] GC(4) Archive regions: 2->2
[2021-04-26T13:58:40.269-0300][gc,heap     ] GC(4) Humongous regions: 129->129
[2021-04-26T13:58:40.269-0300][gc,metaspace] GC(4) Metaspace: 34944K(36048K)->34944K(36048K) NonClass: 31066K(31956K)->31066K(31956K) Class: 3878K(4092K)->3878K(4092K)
[2021-04-26T13:58:40.269-0300][gc          ] GC(4) Pause Young (Concurrent Start) (Metadata GC Threshold) 158M->143M(1024M) 9.417ms
[2021-04-26T13:58:40.269-0300][gc,cpu      ] GC(4) User=0.03s Sys=0.00s Real=0.00s
[2021-04-26T13:58:40.269-0300][gc          ] GC(5) Concurrent Cycle
[2021-04-26T13:58:40.269-0300][gc,marking  ] GC(5) Concurrent Clear Claimed Marks
[2021-04-26T13:58:40.269-0300][gc,marking  ] GC(5) Concurrent Clear Claimed Marks 0.039ms
[2021-04-26T13:58:40.270-0300][gc,marking  ] GC(5) Concurrent Scan Root Regions
[2021-04-26T13:58:40.277-0300][gc,marking  ] GC(5) Concurrent Scan Root Regions 7.603ms
[2021-04-26T13:58:40.277-0300][gc,marking  ] GC(5) Concurrent Mark (10.068s)
[2021-04-26T13:58:40.277-0300][gc,marking  ] GC(5) Concurrent Mark From Roots
[2021-04-26T13:58:40.278-0300][gc,task     ] GC(5) Using 1 workers of 1 for marking
[2021-04-26T13:58:40.301-0300][gc,marking  ] GC(5) Concurrent Mark From Roots 23.328ms
[2021-04-26T13:58:40.301-0300][gc,marking  ] GC(5) Concurrent Preclean
[2021-04-26T13:58:40.301-0300][gc,marking  ] GC(5) Concurrent Preclean 0.096ms
[2021-04-26T13:58:40.301-0300][gc,marking  ] GC(5) Concurrent Mark (10.068s, 10.092s) 23.644ms
[2021-04-26T13:58:40.302-0300][gc,start    ] GC(5) Pause Remark
[2021-04-26T13:58:40.304-0300][gc          ] GC(5) Pause Remark 145M->145M(1024M) 1.639ms
[2021-04-26T13:58:40.304-0300][gc,cpu      ] GC(5) User=0.01s Sys=0.00s Real=0.00s
[2021-04-26T13:58:40.314-0300][gc,marking  ] GC(5) Concurrent Rebuild Remembered Sets
[2021-04-26T13:58:40.329-0300][gc,marking  ] GC(5) Concurrent Rebuild Remembered Sets 15.286ms
[2021-04-26T13:58:40.330-0300][gc,start    ] GC(5) Pause Cleanup
[2021-04-26T13:58:40.330-0300][gc          ] GC(5) Pause Cleanup 146M->146M(1024M) 0.154ms
[2021-04-26T13:58:40.330-0300][gc,cpu      ] GC(5) User=0.00s Sys=0.00s Real=0.00s
[2021-04-26T13:58:40.331-0300][gc,marking  ] GC(5) Concurrent Cleanup for Next Mark
[2021-04-26T13:58:40.343-0300][gc,marking  ] GC(5) Concurrent Cleanup for Next Mark 12.535ms
[2021-04-26T13:58:40.343-0300][gc          ] GC(5) Concurrent Cycle 73.765ms
[2021-04-26T14:06:35.512-0300][gc,start    ] GC(6) Pause Young (Concurrent Start) (G1 Evacuation Pause)
[2021-04-26T14:06:35.512-0300][gc,task     ] GC(6) Using 4 workers of 4 for evacuation
[2021-04-26T14:06:35.587-0300][gc,mmu      ] GC(6) MMU target violated: 21.0ms (20.0ms/21.0ms)
[2021-04-26T14:06:35.587-0300][gc,phases   ] GC(6)   Pre Evacuate Collection Set: 1.7ms
[2021-04-26T14:06:35.587-0300][gc,phases   ] GC(6)   Merge Heap Roots: 0.3ms
[2021-04-26T14:06:35.587-0300][gc,phases   ] GC(6)   Evacuate Collection Set: 70.7ms
[2021-04-26T14:06:35.587-0300][gc,phases   ] GC(6)   Post Evacuate Collection Set: 1.4ms
[2021-04-26T14:06:35.587-0300][gc,phases   ] GC(6)   Other: 1.4ms
[2021-04-26T14:06:35.587-0300][gc,heap     ] GC(6) Eden regions: 49->0(46)
[2021-04-26T14:06:35.587-0300][gc,heap     ] GC(6) Survivor regions: 2->5(7)
[2021-04-26T14:06:35.587-0300][gc,heap     ] GC(6) Old regions: 12->12
[2021-04-26T14:06:35.587-0300][gc,heap     ] GC(6) Archive regions: 2->2
[2021-04-26T14:06:35.587-0300][gc,heap     ] GC(6) Humongous regions: 141->129
[2021-04-26T14:06:35.587-0300][gc,metaspace] GC(6) Metaspace: 40581K(41808K)->40581K(41808K) NonClass: 35866K(36820K)->35866K(36820K) Class: 4714K(4988K)->4714K(4988K)
[2021-04-26T14:06:35.587-0300][gc          ] GC(6) Pause Young (Concurrent Start) (G1 Evacuation Pause) 204M->145M(1024M) 75.732ms
[2021-04-26T14:06:35.587-0300][gc,cpu      ] GC(6) User=0.05s Sys=0.09s Real=0.07s
[2021-04-26T14:06:35.589-0300][gc          ] GC(7) Concurrent Cycle
[2021-04-26T14:06:35.589-0300][gc,marking  ] GC(7) Concurrent Clear Claimed Marks
[2021-04-26T14:06:35.589-0300][gc,marking  ] GC(7) Concurrent Clear Claimed Marks 0.069ms
[2021-04-26T14:06:35.589-0300][gc,marking  ] GC(7) Concurrent Scan Root Regions
[2021-04-26T14:06:35.600-0300][gc,marking  ] GC(7) Concurrent Scan Root Regions 11.654ms
[2021-04-26T14:06:35.600-0300][gc,marking  ] GC(7) Concurrent Mark (485.377s)
[2021-04-26T14:06:35.601-0300][gc,marking  ] GC(7) Concurrent Mark From Roots
[2021-04-26T14:06:35.601-0300][gc,task     ] GC(7) Using 1 workers of 1 for marking
[2021-04-26T14:06:35.677-0300][gc,marking  ] GC(7) Concurrent Mark From Roots 76.519ms
[2021-04-26T14:06:35.677-0300][gc,marking  ] GC(7) Concurrent Preclean
[2021-04-26T14:06:35.677-0300][gc,marking  ] GC(7) Concurrent Preclean 0.181ms
[2021-04-26T14:06:35.677-0300][gc,marking  ] GC(7) Concurrent Mark (485.377s, 485.453s) 76.830ms
[2021-04-26T14:06:35.678-0300][gc,start    ] GC(7) Pause Remark
[2021-04-26T14:06:35.684-0300][gc          ] GC(7) Pause Remark 146M->146M(1024M) 6.302ms
[2021-04-26T14:06:35.684-0300][gc,cpu      ] GC(7) User=0.01s Sys=0.00s Real=0.01s
[2021-04-26T14:06:35.684-0300][gc,marking  ] GC(7) Concurrent Rebuild Remembered Sets
[2021-04-26T14:06:35.732-0300][gc,marking  ] GC(7) Concurrent Rebuild Remembered Sets 47.791ms
[2021-04-26T14:06:35.732-0300][gc,start    ] GC(7) Pause Cleanup
[2021-04-26T14:06:35.732-0300][gc          ] GC(7) Pause Cleanup 146M->146M(1024M) 0.246ms
[2021-04-26T14:06:35.733-0300][gc,cpu      ] GC(7) User=0.00s Sys=0.00s Real=0.00s
[2021-04-26T14:06:35.733-0300][gc,marking  ] GC(7) Concurrent Cleanup for Next Mark
[2021-04-26T14:06:35.751-0300][gc,marking  ] GC(7) Concurrent Cleanup for Next Mark 18.387ms
[2021-04-26T14:06:35.751-0300][gc          ] GC(7) Concurrent Cycle 162.500ms
[2021-04-26T14:21:54.781-0300][gc,start    ] GC(8) Pause Young (Normal) (G1 Evacuation Pause)
[2021-04-26T14:21:54.781-0300][gc,task     ] GC(8) Using 4 workers of 4 for evacuation
[2021-04-26T14:21:54.808-0300][gc,mmu      ] GC(8) MMU target violated: 21.0ms (20.0ms/21.0ms)
[2021-04-26T14:21:54.808-0300][gc,phases   ] GC(8)   Pre Evacuate Collection Set: 1.8ms
[2021-04-26T14:21:54.808-0300][gc,phases   ] GC(8)   Merge Heap Roots: 0.2ms
[2021-04-26T14:21:54.808-0300][gc,phases   ] GC(8)   Evacuate Collection Set: 23.2ms
[2021-04-26T14:21:54.808-0300][gc,phases   ] GC(8)   Post Evacuate Collection Set: 1.1ms
[2021-04-26T14:21:54.808-0300][gc,phases   ] GC(8)   Other: 0.6ms
[2021-04-26T14:21:54.808-0300][gc,heap     ] GC(8) Eden regions: 46->0(46)
[2021-04-26T14:21:54.808-0300][gc,heap     ] GC(8) Survivor regions: 5->5(7)
[2021-04-26T14:21:54.808-0300][gc,heap     ] GC(8) Old regions: 12->14
[2021-04-26T14:21:54.808-0300][gc,heap     ] GC(8) Archive regions: 2->2
[2021-04-26T14:21:54.808-0300][gc,heap     ] GC(8) Humongous regions: 129->129
[2021-04-26T14:21:54.808-0300][gc,metaspace] GC(8) Metaspace: 41518K(42704K)->41518K(42704K) NonClass: 36685K(37588K)->36685K(37588K) Class: 4832K(5116K)->4832K(5116K)
[2021-04-26T14:21:54.808-0300][gc          ] GC(8) Pause Young (Normal) (G1 Evacuation Pause) 191M->147M(1024M) 26.948ms
[2021-04-26T14:21:54.808-0300][gc,cpu      ] GC(8) User=0.03s Sys=0.03s Real=0.02s
[2021-04-26T14:35:54.246-0300][gc,start    ] GC(9) Pause Young (Normal) (G1 Evacuation Pause)
[2021-04-26T14:35:54.246-0300][gc,task     ] GC(9) Using 4 workers of 4 for evacuation
[2021-04-26T14:35:54.263-0300][gc,phases   ] GC(9)   Pre Evacuate Collection Set: 2.9ms
[2021-04-26T14:35:54.263-0300][gc,phases   ] GC(9)   Merge Heap Roots: 0.2ms
[2021-04-26T14:35:54.263-0300][gc,phases   ] GC(9)   Evacuate Collection Set: 12.5ms
[2021-04-26T14:35:54.263-0300][gc,phases   ] GC(9)   Post Evacuate Collection Set: 0.7ms
[2021-04-26T14:35:54.263-0300][gc,phases   ] GC(9)   Other: 1.1ms
[2021-04-26T14:35:54.263-0300][gc,heap     ] GC(9) Eden regions: 46->0(48)
[2021-04-26T14:35:54.263-0300][gc,heap     ] GC(9) Survivor regions: 5->3(7)
[2021-04-26T14:35:54.263-0300][gc,heap     ] GC(9) Old regions: 14->15
[2021-04-26T14:35:54.263-0300][gc,heap     ] GC(9) Archive regions: 2->2
[2021-04-26T14:35:54.263-0300][gc,heap     ] GC(9) Humongous regions: 129->129
[2021-04-26T14:35:54.263-0300][gc,metaspace] GC(9) Metaspace: 41800K(42960K)->41800K(42960K) NonClass: 36951K(37844K)->36951K(37844K) Class: 4848K(5116K)->4848K(5116K)
[2021-04-26T14:35:54.263-0300][gc          ] GC(9) Pause Young (Normal) (G1 Evacuation Pause) 193M->147M(1024M) 17.407ms
[2021-04-26T14:35:54.263-0300][gc,cpu      ] GC(9) User=0.02s Sys=0.02s Real=0.02s
[2021-04-26T14:55:01.239-0300][gc,start    ] GC(10) Pause Young (Normal) (G1 Evacuation Pause)
[2021-04-26T14:55:01.240-0300][gc,task     ] GC(10) Using 4 workers of 4 for evacuation
[2021-04-26T14:55:01.256-0300][gc,phases   ] GC(10)   Pre Evacuate Collection Set: 1.4ms
[2021-04-26T14:55:01.256-0300][gc,phases   ] GC(10)   Merge Heap Roots: 0.2ms
[2021-04-26T14:55:01.256-0300][gc,phases   ] GC(10)   Evacuate Collection Set: 12.8ms
[2021-04-26T14:55:01.256-0300][gc,phases   ] GC(10)   Post Evacuate Collection Set: 0.9ms
[2021-04-26T14:55:01.256-0300][gc,phases   ] GC(10)   Other: 1.5ms
[2021-04-26T14:55:01.256-0300][gc,heap     ] GC(10) Eden regions: 48->0(47)
[2021-04-26T14:55:01.256-0300][gc,heap     ] GC(10) Survivor regions: 3->4(7)
[2021-04-26T14:55:01.256-0300][gc,heap     ] GC(10) Old regions: 15->15
[2021-04-26T14:55:01.256-0300][gc,heap     ] GC(10) Archive regions: 2->2
[2021-04-26T14:55:01.256-0300][gc,heap     ] GC(10) Humongous regions: 129->129
[2021-04-26T14:55:01.256-0300][gc,metaspace] GC(10) Metaspace: 41963K(43216K)->41963K(43216K) NonClass: 37114K(38100K)->37114K(38100K) Class: 4848K(5116K)->4848K(5116K)
[2021-04-26T14:55:01.256-0300][gc          ] GC(10) Pause Young (Normal) (G1 Evacuation Pause) 195M->148M(1024M) 17.078ms
[2021-04-26T14:55:01.256-0300][gc,cpu      ] GC(10) User=0.02s Sys=0.02s Real=0.02s
[2021-04-26T15:08:55.695-0300][gc,start    ] GC(11) Pause Young (Normal) (G1 Evacuation Pause)
[2021-04-26T15:08:55.695-0300][gc,task     ] GC(11) Using 4 workers of 4 for evacuation
[2021-04-26T15:08:55.775-0300][gc,mmu      ] GC(11) MMU target violated: 21.0ms (20.0ms/21.0ms)
[2021-04-26T15:08:55.775-0300][gc,phases   ] GC(11)   Pre Evacuate Collection Set: 4.1ms
[2021-04-26T15:08:55.775-0300][gc,phases   ] GC(11)   Merge Heap Roots: 0.9ms
[2021-04-26T15:08:55.775-0300][gc,phases   ] GC(11)   Evacuate Collection Set: 70.9ms
[2021-04-26T15:08:55.775-0300][gc,phases   ] GC(11)   Post Evacuate Collection Set: 1.6ms
[2021-04-26T15:08:55.775-0300][gc,phases   ] GC(11)   Other: 2.8ms
[2021-04-26T15:08:55.775-0300][gc,heap     ] GC(11) Eden regions: 47->0(47)
[2021-04-26T15:08:55.775-0300][gc,heap     ] GC(11) Survivor regions: 4->4(7)
[2021-04-26T15:08:55.775-0300][gc,heap     ] GC(11) Old regions: 15->15
[2021-04-26T15:08:55.775-0300][gc,heap     ] GC(11) Archive regions: 2->2
[2021-04-26T15:08:55.775-0300][gc,heap     ] GC(11) Humongous regions: 129->129
[2021-04-26T15:08:55.775-0300][gc,metaspace] GC(11) Metaspace: 42302K(43600K)->42302K(43600K) NonClass: 37445K(38356K)->37445K(38356K) Class: 4856K(5244K)->4856K(5244K)
[2021-04-26T15:08:55.775-0300][gc          ] GC(11) Pause Young (Normal) (G1 Evacuation Pause) 195M->148M(1024M) 80.704ms
[2021-04-26T15:08:55.776-0300][gc,cpu      ] GC(11) User=0.03s Sys=0.06s Real=0.08s
[2021-04-26T15:29:55.514-0300][gc,start    ] GC(12) Pause Young (Normal) (G1 Evacuation Pause)
[2021-04-26T15:29:55.514-0300][gc,task     ] GC(12) Using 4 workers of 4 for evacuation
[2021-04-26T15:29:55.573-0300][gc,mmu      ] GC(12) MMU target violated: 21.0ms (20.0ms/21.0ms)
[2021-04-26T15:29:55.573-0300][gc,phases   ] GC(12)   Pre Evacuate Collection Set: 1.7ms
[2021-04-26T15:29:55.573-0300][gc,phases   ] GC(12)   Merge Heap Roots: 0.2ms
[2021-04-26T15:29:55.573-0300][gc,phases   ] GC(12)   Evacuate Collection Set: 52.5ms
[2021-04-26T15:29:55.573-0300][gc,phases   ] GC(12)   Post Evacuate Collection Set: 4.2ms
[2021-04-26T15:29:55.573-0300][gc,phases   ] GC(12)   Other: 0.7ms
[2021-04-26T15:29:55.573-0300][gc,heap     ] GC(12) Eden regions: 47->0(46)
[2021-04-26T15:29:55.573-0300][gc,heap     ] GC(12) Survivor regions: 4->5(7)
[2021-04-26T15:29:55.573-0300][gc,heap     ] GC(12) Old regions: 15->15
[2021-04-26T15:29:55.573-0300][gc,heap     ] GC(12) Archive regions: 2->2
[2021-04-26T15:29:55.573-0300][gc,heap     ] GC(12) Humongous regions: 129->129
[2021-04-26T15:29:55.573-0300][gc,metaspace] GC(12) Metaspace: 42338K(43600K)->42338K(43600K) NonClass: 37481K(38356K)->37481K(38356K) Class: 4856K(5244K)->4856K(5244K)
[2021-04-26T15:29:55.573-0300][gc          ] GC(12) Pause Young (Normal) (G1 Evacuation Pause) 195M->148M(1024M) 59.545ms
[2021-04-26T15:29:55.574-0300][gc,cpu      ] GC(12) User=0.03s Sys=0.11s Real=0.06s
[2021-04-26T15:47:56.444-0300][gc,start    ] GC(13) Pause Young (Normal) (G1 Evacuation Pause)
[2021-04-26T15:47:56.446-0300][gc,task     ] GC(13) Using 4 workers of 4 for evacuation
[2021-04-26T15:47:56.473-0300][gc,mmu      ] GC(13) MMU target violated: 21.0ms (20.0ms/21.0ms)
[2021-04-26T15:47:56.473-0300][gc,phases   ] GC(13)   Pre Evacuate Collection Set: 1.7ms
[2021-04-26T15:47:56.473-0300][gc,phases   ] GC(13)   Merge Heap Roots: 0.2ms
[2021-04-26T15:47:56.473-0300][gc,phases   ] GC(13)   Evacuate Collection Set: 24.0ms
[2021-04-26T15:47:56.473-0300][gc,phases   ] GC(13)   Post Evacuate Collection Set: 1.4ms
[2021-04-26T15:47:56.473-0300][gc,phases   ] GC(13)   Other: 2.4ms
[2021-04-26T15:47:56.473-0300][gc,heap     ] GC(13) Eden regions: 46->0(46)
[2021-04-26T15:47:56.473-0300][gc,heap     ] GC(13) Survivor regions: 5->5(7)
[2021-04-26T15:47:56.473-0300][gc,heap     ] GC(13) Old regions: 15->16
[2021-04-26T15:47:56.473-0300][gc,heap     ] GC(13) Archive regions: 2->2
[2021-04-26T15:47:56.473-0300][gc,heap     ] GC(13) Humongous regions: 129->129
[2021-04-26T15:47:56.473-0300][gc,metaspace] GC(13) Metaspace: 42412K(43600K)->42412K(43600K) NonClass: 37553K(38356K)->37553K(38356K) Class: 4859K(5244K)->4859K(5244K)
[2021-04-26T15:47:56.474-0300][gc          ] GC(13) Pause Young (Normal) (G1 Evacuation Pause) 194M->149M(1024M) 29.796ms
[2021-04-26T15:47:56.474-0300][gc,cpu      ] GC(13) User=0.03s Sys=0.05s Real=0.03s
[2021-04-26T16:05:06.587-0300][gc,start    ] GC(14) Pause Young (Normal) (G1 Evacuation Pause)
[2021-04-26T16:05:06.587-0300][gc,task     ] GC(14) Using 4 workers of 4 for evacuation
[2021-04-26T16:05:06.607-0300][gc,phases   ] GC(14)   Pre Evacuate Collection Set: 2.9ms
[2021-04-26T16:05:06.607-0300][gc,phases   ] GC(14)   Merge Heap Roots: 0.2ms
[2021-04-26T16:05:06.607-0300][gc,phases   ] GC(14)   Evacuate Collection Set: 15.7ms
[2021-04-26T16:05:06.608-0300][gc,phases   ] GC(14)   Post Evacuate Collection Set: 1.2ms
[2021-04-26T16:05:06.608-0300][gc,phases   ] GC(14)   Other: 0.9ms
[2021-04-26T16:05:06.608-0300][gc,heap     ] GC(14) Eden regions: 46->0(47)
[2021-04-26T16:05:06.608-0300][gc,heap     ] GC(14) Survivor regions: 5->4(7)
[2021-04-26T16:05:06.608-0300][gc,heap     ] GC(14) Old regions: 16->17
[2021-04-26T16:05:06.608-0300][gc,heap     ] GC(14) Archive regions: 2->2
[2021-04-26T16:05:06.608-0300][gc,heap     ] GC(14) Humongous regions: 129->129
[2021-04-26T16:05:06.608-0300][gc,metaspace] GC(14) Metaspace: 42440K(43600K)->42440K(43600K) NonClass: 37580K(38356K)->37580K(38356K) Class: 4859K(5244K)->4859K(5244K)
[2021-04-26T16:05:06.608-0300][gc          ] GC(14) Pause Young (Normal) (G1 Evacuation Pause) 195M->149M(1024M) 21.697ms
[2021-04-26T16:05:06.608-0300][gc,cpu      ] GC(14) User=0.03s Sys=0.04s Real=0.02s
