[2021-04-24T18:06:23.640-0300][gc] Using G1
[2021-04-24T18:06:23.648-0300][gc,init] Version: 15.0.2+7-27 (release)
[2021-04-24T18:06:23.648-0300][gc,init] CPUs: 4 total, 4 available
[2021-04-24T18:06:23.648-0300][gc,init] Memory: 8192M
[2021-04-24T18:06:23.648-0300][gc,init] Large Page Support: Disabled
[2021-04-24T18:06:23.648-0300][gc,init] NUMA Support: Disabled
[2021-04-24T18:06:23.648-0300][gc,init] Compressed Oops: Enabled (Zero based)
[2021-04-24T18:06:23.648-0300][gc,init] Heap Region Size: 1M
[2021-04-24T18:06:23.648-0300][gc,init] Heap Min Capacity: 1G
[2021-04-24T18:06:23.648-0300][gc,init] Heap Initial Capacity: 1G
[2021-04-24T18:06:23.648-0300][gc,init] Heap Max Capacity: 1G
[2021-04-24T18:06:23.648-0300][gc,init] Pre-touch: Disabled
[2021-04-24T18:06:23.648-0300][gc,init] Parallel Workers: 4
[2021-04-24T18:06:23.648-0300][gc,init] Concurrent Workers: 1
[2021-04-24T18:06:23.648-0300][gc,init] Concurrent Refinement Workers: 4
[2021-04-24T18:06:23.648-0300][gc,init] Periodic GC: Disabled
[2021-04-24T18:06:23.649-0300][gc,cds ] Mark closed archive regions in map: [0x00000007fff00000, 0x00000007fff78ff8]
[2021-04-24T18:06:23.649-0300][gc,cds ] Mark open archive regions in map: [0x00000007ffe00000, 0x00000007ffe50ff8]
[2021-04-24T18:06:23.649-0300][gc,metaspace] CDS archive(s) mapped at: [0x0000000800000000-0x0000000800b2b000-0x0000000800b2b000), size 11710464, SharedBaseAddress: 0x0000000800000000, ArchiveRelocationMode: 0.
[2021-04-24T18:06:23.649-0300][gc,metaspace] Compressed class space mapped at: 0x0000000800b2c000-0x0000000840b2c000, size: 1073741824
[2021-04-24T18:06:23.649-0300][gc,metaspace] Narrow klass base: 0x0000000800000000, Narrow klass shift: 3, Narrow klass range: 0x100000000
[2021-04-24T18:07:01.055-0300][gc,start    ] GC(0) Pause Young (Normal) (G1 Evacuation Pause)
[2021-04-24T18:07:01.055-0300][gc,task     ] GC(0) Using 4 workers of 4 for evacuation
[2021-04-24T18:07:01.064-0300][gc,phases   ] GC(0)   Pre Evacuate Collection Set: 0,1ms
[2021-04-24T18:07:01.064-0300][gc,phases   ] GC(0)   Merge Heap Roots: 0,1ms
[2021-04-24T18:07:01.064-0300][gc,phases   ] GC(0)   Evacuate Collection Set: 7,6ms
[2021-04-24T18:07:01.064-0300][gc,phases   ] GC(0)   Post Evacuate Collection Set: 0,5ms
[2021-04-24T18:07:01.064-0300][gc,phases   ] GC(0)   Other: 0,6ms
[2021-04-24T18:07:01.064-0300][gc,heap     ] GC(0) Eden regions: 51->0(44)
[2021-04-24T18:07:01.064-0300][gc,heap     ] GC(0) Survivor regions: 0->7(7)
[2021-04-24T18:07:01.064-0300][gc,heap     ] GC(0) Old regions: 0->0
[2021-04-24T18:07:01.064-0300][gc,heap     ] GC(0) Archive regions: 2->2
[2021-04-24T18:07:01.064-0300][gc,heap     ] GC(0) Humongous regions: 0->0
[2021-04-24T18:07:01.064-0300][gc,metaspace] GC(0) Metaspace: 19201K(19840K)->19201K(19840K) NonClass: 16900K(17408K)->16900K(17408K) Class: 2300K(2432K)->2300K(2432K)
[2021-04-24T18:07:01.064-0300][gc          ] GC(0) Pause Young (Normal) (G1 Evacuation Pause) 51M->7M(1024M) 9,759ms
[2021-04-24T18:07:01.064-0300][gc,cpu      ] GC(0) User=0,02s Sys=0,01s Real=0,01s
[2021-04-24T18:07:01.255-0300][gc,start    ] GC(1) Pause Young (Concurrent Start) (Metadata GC Threshold)
[2021-04-24T18:07:01.255-0300][gc,task     ] GC(1) Using 4 workers of 4 for evacuation
[2021-04-24T18:07:01.268-0300][gc,phases   ] GC(1)   Pre Evacuate Collection Set: 0,1ms
[2021-04-24T18:07:01.268-0300][gc,phases   ] GC(1)   Merge Heap Roots: 0,1ms
[2021-04-24T18:07:01.268-0300][gc,phases   ] GC(1)   Evacuate Collection Set: 11,8ms
[2021-04-24T18:07:01.268-0300][gc,phases   ] GC(1)   Post Evacuate Collection Set: 0,4ms
[2021-04-24T18:07:01.268-0300][gc,phases   ] GC(1)   Other: 0,2ms
[2021-04-24T18:07:01.268-0300][gc,heap     ] GC(1) Eden regions: 6->0(50)
[2021-04-24T18:07:01.268-0300][gc,heap     ] GC(1) Survivor regions: 7->1(7)
[2021-04-24T18:07:01.268-0300][gc,heap     ] GC(1) Old regions: 0->7
[2021-04-24T18:07:01.268-0300][gc,heap     ] GC(1) Archive regions: 2->2
[2021-04-24T18:07:01.268-0300][gc,heap     ] GC(1) Humongous regions: 0->0
[2021-04-24T18:07:01.268-0300][gc,metaspace] GC(1) Metaspace: 20526K(21248K)->20526K(21248K) NonClass: 18074K(18688K)->18074K(18688K) Class: 2452K(2560K)->2452K(2560K)
[2021-04-24T18:07:01.268-0300][gc          ] GC(1) Pause Young (Concurrent Start) (Metadata GC Threshold) 13M->8M(1024M) 12,841ms
[2021-04-24T18:07:01.268-0300][gc,cpu      ] GC(1) User=0,03s Sys=0,01s Real=0,01s
[2021-04-24T18:07:01.268-0300][gc          ] GC(2) Concurrent Cycle
[2021-04-24T18:07:01.268-0300][gc,marking  ] GC(2) Concurrent Clear Claimed Marks
[2021-04-24T18:07:01.268-0300][gc,marking  ] GC(2) Concurrent Clear Claimed Marks 0,025ms
[2021-04-24T18:07:01.268-0300][gc,marking  ] GC(2) Concurrent Scan Root Regions
[2021-04-24T18:07:01.275-0300][gc,marking  ] GC(2) Concurrent Scan Root Regions 6,477ms
[2021-04-24T18:07:01.275-0300][gc,marking  ] GC(2) Concurrent Mark (37,644s)
[2021-04-24T18:07:01.275-0300][gc,marking  ] GC(2) Concurrent Mark From Roots
[2021-04-24T18:07:01.275-0300][gc,task     ] GC(2) Using 1 workers of 1 for marking
[2021-04-24T18:07:01.278-0300][gc,marking  ] GC(2) Concurrent Mark From Roots 2,867ms
[2021-04-24T18:07:01.278-0300][gc,marking  ] GC(2) Concurrent Preclean
[2021-04-24T18:07:01.278-0300][gc,marking  ] GC(2) Concurrent Preclean 0,044ms
[2021-04-24T18:07:01.278-0300][gc,marking  ] GC(2) Concurrent Mark (37,644s, 37,647s) 3,054ms
[2021-04-24T18:07:01.278-0300][gc,start    ] GC(2) Pause Remark
[2021-04-24T18:07:01.279-0300][gc          ] GC(2) Pause Remark 9M->9M(1024M) 1,088ms
[2021-04-24T18:07:01.279-0300][gc,cpu      ] GC(2) User=0,01s Sys=0,00s Real=0,00s
[2021-04-24T18:07:01.279-0300][gc,marking  ] GC(2) Concurrent Rebuild Remembered Sets
[2021-04-24T18:07:01.287-0300][gc,marking  ] GC(2) Concurrent Rebuild Remembered Sets 7,845ms
[2021-04-24T18:07:01.288-0300][gc,start    ] GC(2) Pause Cleanup
[2021-04-24T18:07:01.288-0300][gc          ] GC(2) Pause Cleanup 9M->9M(1024M) 0,144ms
[2021-04-24T18:07:01.288-0300][gc,cpu      ] GC(2) User=0,00s Sys=0,00s Real=0,00s
[2021-04-24T18:07:01.288-0300][gc,marking  ] GC(2) Concurrent Cleanup for Next Mark
[2021-04-24T18:07:01.302-0300][gc,marking  ] GC(2) Concurrent Cleanup for Next Mark 13,637ms
[2021-04-24T18:07:01.302-0300][gc          ] GC(2) Concurrent Cycle 33,674ms
[2021-04-24T18:07:37.841-0300][gc,start    ] GC(3) Pause Young (Normal) (G1 Evacuation Pause)
[2021-04-24T18:07:37.841-0300][gc,task     ] GC(3) Using 4 workers of 4 for evacuation
[2021-04-24T18:07:37.848-0300][gc,phases   ] GC(3)   Pre Evacuate Collection Set: 0,1ms
[2021-04-24T18:07:37.848-0300][gc,phases   ] GC(3)   Merge Heap Roots: 0,0ms
[2021-04-24T18:07:37.848-0300][gc,phases   ] GC(3)   Evacuate Collection Set: 6,2ms
[2021-04-24T18:07:37.848-0300][gc,phases   ] GC(3)   Post Evacuate Collection Set: 0,4ms
[2021-04-24T18:07:37.848-0300][gc,phases   ] GC(3)   Other: 0,3ms
[2021-04-24T18:07:37.848-0300][gc,heap     ] GC(3) Eden regions: 50->0(45)
[2021-04-24T18:07:37.848-0300][gc,heap     ] GC(3) Survivor regions: 1->6(7)
[2021-04-24T18:07:37.848-0300][gc,heap     ] GC(3) Old regions: 7->7
[2021-04-24T18:07:37.848-0300][gc,heap     ] GC(3) Archive regions: 2->2
[2021-04-24T18:07:37.848-0300][gc,heap     ] GC(3) Humongous regions: 129->129
[2021-04-24T18:07:37.848-0300][gc,metaspace] GC(3) Metaspace: 32231K(33408K)->32231K(33408K) NonClass: 28670K(29696K)->28670K(29696K) Class: 3560K(3712K)->3560K(3712K)
[2021-04-24T18:07:37.848-0300][gc          ] GC(3) Pause Young (Normal) (G1 Evacuation Pause) 187M->141M(1024M) 7,191ms
[2021-04-24T18:07:37.848-0300][gc,cpu      ] GC(3) User=0,02s Sys=0,00s Real=0,00s
[2021-04-24T18:07:38.018-0300][gc,start    ] GC(4) Pause Young (Concurrent Start) (Metadata GC Threshold)
[2021-04-24T18:07:38.018-0300][gc,task     ] GC(4) Using 4 workers of 4 for evacuation
[2021-04-24T18:07:38.029-0300][gc,phases   ] GC(4)   Pre Evacuate Collection Set: 0,3ms
[2021-04-24T18:07:38.030-0300][gc,phases   ] GC(4)   Merge Heap Roots: 0,1ms
[2021-04-24T18:07:38.030-0300][gc,phases   ] GC(4)   Evacuate Collection Set: 10,4ms
[2021-04-24T18:07:38.030-0300][gc,phases   ] GC(4)   Post Evacuate Collection Set: 0,4ms
[2021-04-24T18:07:38.030-0300][gc,phases   ] GC(4)   Other: 0,4ms
[2021-04-24T18:07:38.030-0300][gc,heap     ] GC(4) Eden regions: 10->0(50)
[2021-04-24T18:07:38.030-0300][gc,heap     ] GC(4) Survivor regions: 6->1(7)
[2021-04-24T18:07:38.030-0300][gc,heap     ] GC(4) Old regions: 7->12
[2021-04-24T18:07:38.030-0300][gc,heap     ] GC(4) Archive regions: 2->2
[2021-04-24T18:07:38.030-0300][gc,heap     ] GC(4) Humongous regions: 129->129
[2021-04-24T18:07:38.030-0300][gc,metaspace] GC(4) Metaspace: 34452K(35584K)->34452K(35584K) NonClass: 30601K(31488K)->30601K(31488K) Class: 3850K(4096K)->3850K(4096K)
[2021-04-24T18:07:38.030-0300][gc          ] GC(4) Pause Young (Concurrent Start) (Metadata GC Threshold) 151M->142M(1024M) 11,723ms
[2021-04-24T18:07:38.030-0300][gc,cpu      ] GC(4) User=0,03s Sys=0,00s Real=0,02s
[2021-04-24T18:07:38.030-0300][gc          ] GC(5) Concurrent Cycle
[2021-04-24T18:07:38.030-0300][gc,marking  ] GC(5) Concurrent Clear Claimed Marks
[2021-04-24T18:07:38.030-0300][gc,marking  ] GC(5) Concurrent Clear Claimed Marks 0,031ms
[2021-04-24T18:07:38.030-0300][gc,marking  ] GC(5) Concurrent Scan Root Regions
[2021-04-24T18:07:38.036-0300][gc,marking  ] GC(5) Concurrent Scan Root Regions 6,589ms
[2021-04-24T18:07:38.036-0300][gc,marking  ] GC(5) Concurrent Mark (74,405s)
[2021-04-24T18:07:38.037-0300][gc,marking  ] GC(5) Concurrent Mark From Roots
[2021-04-24T18:07:38.037-0300][gc,task     ] GC(5) Using 1 workers of 1 for marking
[2021-04-24T18:07:38.055-0300][gc,marking  ] GC(5) Concurrent Mark From Roots 18,229ms
[2021-04-24T18:07:38.055-0300][gc,marking  ] GC(5) Concurrent Preclean
[2021-04-24T18:07:38.055-0300][gc,marking  ] GC(5) Concurrent Preclean 0,139ms
[2021-04-24T18:07:38.055-0300][gc,marking  ] GC(5) Concurrent Mark (74,405s, 74,424s) 18,589ms
[2021-04-24T18:07:38.055-0300][gc,start    ] GC(5) Pause Remark
[2021-04-24T18:07:38.058-0300][gc          ] GC(5) Pause Remark 143M->143M(1024M) 2,490ms
[2021-04-24T18:07:38.058-0300][gc,cpu      ] GC(5) User=0,00s Sys=0,00s Real=0,00s
[2021-04-24T18:07:38.058-0300][gc,marking  ] GC(5) Concurrent Rebuild Remembered Sets
[2021-04-24T18:07:38.074-0300][gc,marking  ] GC(5) Concurrent Rebuild Remembered Sets 16,307ms
[2021-04-24T18:07:38.074-0300][gc,start    ] GC(5) Pause Cleanup
[2021-04-24T18:07:38.075-0300][gc          ] GC(5) Pause Cleanup 143M->143M(1024M) 0,119ms
[2021-04-24T18:07:38.075-0300][gc,cpu      ] GC(5) User=0,00s Sys=0,00s Real=0,00s
[2021-04-24T18:07:38.075-0300][gc,marking  ] GC(5) Concurrent Cleanup for Next Mark
[2021-04-24T18:07:38.104-0300][gc,marking  ] GC(5) Concurrent Cleanup for Next Mark 29,298ms
[2021-04-24T18:07:38.104-0300][gc          ] GC(5) Concurrent Cycle 74,351ms
[2021-04-24T18:12:02.500-0300][gc,start    ] GC(6) Pause Young (Normal) (G1 Evacuation Pause)
[2021-04-24T18:12:02.502-0300][gc,task     ] GC(6) Using 4 workers of 4 for evacuation
[2021-04-24T18:12:02.510-0300][gc,phases   ] GC(6)   Pre Evacuate Collection Set: 0,2ms
[2021-04-24T18:12:02.510-0300][gc,phases   ] GC(6)   Merge Heap Roots: 0,2ms
[2021-04-24T18:12:02.510-0300][gc,phases   ] GC(6)   Evacuate Collection Set: 6,8ms
[2021-04-24T18:12:02.510-0300][gc,phases   ] GC(6)   Post Evacuate Collection Set: 0,6ms
[2021-04-24T18:12:02.510-0300][gc,phases   ] GC(6)   Other: 1,4ms
[2021-04-24T18:12:02.510-0300][gc,heap     ] GC(6) Eden regions: 50->0(47)
[2021-04-24T18:12:02.510-0300][gc,heap     ] GC(6) Survivor regions: 1->4(7)
[2021-04-24T18:12:02.510-0300][gc,heap     ] GC(6) Old regions: 12->12
[2021-04-24T18:12:02.510-0300][gc,heap     ] GC(6) Archive regions: 2->2
[2021-04-24T18:12:02.510-0300][gc,heap     ] GC(6) Humongous regions: 129->129
[2021-04-24T18:12:02.510-0300][gc,metaspace] GC(6) Metaspace: 40617K(41728K)->40617K(41728K) NonClass: 35848K(36608K)->35848K(36608K) Class: 4769K(5120K)->4769K(5120K)
[2021-04-24T18:12:02.510-0300][gc          ] GC(6) Pause Young (Normal) (G1 Evacuation Pause) 192M->145M(1024M) 9,429ms
[2021-04-24T18:12:02.510-0300][gc,cpu      ] GC(6) User=0,03s Sys=0,00s Real=0,01s
[2021-04-24T18:13:46.251-0300][gc,heap,exit] Heap
[2021-04-24T18:13:46.252-0300][gc,heap,exit]  garbage-first heap   total 1048576K, used 166324K [0x00000007c0000000, 0x0000000800000000)
[2021-04-24T18:13:46.252-0300][gc,heap,exit]   region size 1024K, 22 young (22528K), 4 survivors (4096K)
[2021-04-24T18:13:46.252-0300][gc,heap,exit]  Metaspace       used 41584K, capacity 42205K, committed 42880K, reserved 1087488K
[2021-04-24T18:13:46.252-0300][gc,heap,exit]   class space    used 4930K, capacity 5147K, committed 5248K, reserved 1048576K
