[2021-04-23T17:34:35.038-0300][gc] Using G1
[2021-04-23T17:34:35.046-0300][gc,init] Version: 15.0.2+7-27 (release)
[2021-04-23T17:34:35.046-0300][gc,init] CPUs: 4 total, 4 available
[2021-04-23T17:34:35.046-0300][gc,init] Memory: 8192M
[2021-04-23T17:34:35.046-0300][gc,init] Large Page Support: Disabled
[2021-04-23T17:34:35.046-0300][gc,init] NUMA Support: Disabled
[2021-04-23T17:34:35.046-0300][gc,init] Compressed Oops: Enabled (Zero based)
[2021-04-23T17:34:35.046-0300][gc,init] Heap Region Size: 1M
[2021-04-23T17:34:35.046-0300][gc,init] Heap Min Capacity: 1G
[2021-04-23T17:34:35.046-0300][gc,init] Heap Initial Capacity: 1G
[2021-04-23T17:34:35.046-0300][gc,init] Heap Max Capacity: 1G
[2021-04-23T17:34:35.046-0300][gc,init] Pre-touch: Disabled
[2021-04-23T17:34:35.046-0300][gc,init] Parallel Workers: 4
[2021-04-23T17:34:35.046-0300][gc,init] Concurrent Workers: 1
[2021-04-23T17:34:35.047-0300][gc,init] Concurrent Refinement Workers: 4
[2021-04-23T17:34:35.047-0300][gc,init] Periodic GC: Disabled
[2021-04-23T17:34:35.047-0300][gc,cds ] Mark closed archive regions in map: [0x00000007fff00000, 0x00000007fff78ff8]
[2021-04-23T17:34:35.047-0300][gc,cds ] Mark open archive regions in map: [0x00000007ffe00000, 0x00000007ffe50ff8]
[2021-04-23T17:34:35.047-0300][gc,metaspace] CDS archive(s) mapped at: [0x0000000800000000-0x0000000800b2b000-0x0000000800b2b000), size 11710464, SharedBaseAddress: 0x0000000800000000, ArchiveRelocationMode: 0.
[2021-04-23T17:34:35.047-0300][gc,metaspace] Compressed class space mapped at: 0x0000000800b2c000-0x0000000840b2c000, size: 1073741824
[2021-04-23T17:34:35.047-0300][gc,metaspace] Narrow klass base: 0x0000000800000000, Narrow klass shift: 3, Narrow klass range: 0x100000000
[2021-04-23T17:34:42.676-0300][gc,start    ] GC(0) Pause Young (Normal) (G1 Evacuation Pause)
[2021-04-23T17:34:42.677-0300][gc,task     ] GC(0) Using 4 workers of 4 for evacuation
[2021-04-23T17:34:42.692-0300][gc,phases   ] GC(0)   Pre Evacuate Collection Set: 0,3ms
[2021-04-23T17:34:42.692-0300][gc,phases   ] GC(0)   Merge Heap Roots: 0,4ms
[2021-04-23T17:34:42.692-0300][gc,phases   ] GC(0)   Evacuate Collection Set: 12,3ms
[2021-04-23T17:34:42.692-0300][gc,phases   ] GC(0)   Post Evacuate Collection Set: 1,0ms
[2021-04-23T17:34:42.692-0300][gc,phases   ] GC(0)   Other: 1,7ms
[2021-04-23T17:34:42.692-0300][gc,heap     ] GC(0) Eden regions: 51->0(44)
[2021-04-23T17:34:42.692-0300][gc,heap     ] GC(0) Survivor regions: 0->7(7)
[2021-04-23T17:34:42.692-0300][gc,heap     ] GC(0) Old regions: 0->0
[2021-04-23T17:34:42.692-0300][gc,heap     ] GC(0) Archive regions: 2->2
[2021-04-23T17:34:42.692-0300][gc,heap     ] GC(0) Humongous regions: 0->0
[2021-04-23T17:34:42.692-0300][gc,metaspace] GC(0) Metaspace: 19222K(19840K)->19222K(19840K) NonClass: 16919K(17408K)->16919K(17408K) Class: 2302K(2432K)->2302K(2432K)
[2021-04-23T17:34:42.692-0300][gc          ] GC(0) Pause Young (Normal) (G1 Evacuation Pause) 51M->7M(1024M) 16,356ms
[2021-04-23T17:34:42.693-0300][gc,cpu      ] GC(0) User=0,02s Sys=0,01s Real=0,02s
[2021-04-23T17:34:42.845-0300][gc,start    ] GC(1) Pause Young (Concurrent Start) (Metadata GC Threshold)
[2021-04-23T17:34:42.845-0300][gc,task     ] GC(1) Using 4 workers of 4 for evacuation
[2021-04-23T17:34:42.859-0300][gc,phases   ] GC(1)   Pre Evacuate Collection Set: 0,1ms
[2021-04-23T17:34:42.860-0300][gc,phases   ] GC(1)   Merge Heap Roots: 0,0ms
[2021-04-23T17:34:42.860-0300][gc,phases   ] GC(1)   Evacuate Collection Set: 13,3ms
[2021-04-23T17:34:42.860-0300][gc,phases   ] GC(1)   Post Evacuate Collection Set: 0,7ms
[2021-04-23T17:34:42.860-0300][gc,phases   ] GC(1)   Other: 0,5ms
[2021-04-23T17:34:42.860-0300][gc,heap     ] GC(1) Eden regions: 6->0(50)
[2021-04-23T17:34:42.860-0300][gc,heap     ] GC(1) Survivor regions: 7->1(7)
[2021-04-23T17:34:42.860-0300][gc,heap     ] GC(1) Old regions: 0->7
[2021-04-23T17:34:42.860-0300][gc,heap     ] GC(1) Archive regions: 2->2
[2021-04-23T17:34:42.860-0300][gc,heap     ] GC(1) Humongous regions: 0->0
[2021-04-23T17:34:42.860-0300][gc,metaspace] GC(1) Metaspace: 20601K(21248K)->20601K(21248K) NonClass: 18140K(18688K)->18140K(18688K) Class: 2461K(2560K)->2461K(2560K)
[2021-04-23T17:34:42.860-0300][gc          ] GC(1) Pause Young (Concurrent Start) (Metadata GC Threshold) 13M->8M(1024M) 15,089ms
[2021-04-23T17:34:42.860-0300][gc,cpu      ] GC(1) User=0,02s Sys=0,00s Real=0,02s
[2021-04-23T17:34:42.860-0300][gc          ] GC(2) Concurrent Cycle
[2021-04-23T17:34:42.861-0300][gc,marking  ] GC(2) Concurrent Clear Claimed Marks
[2021-04-23T17:34:42.861-0300][gc,marking  ] GC(2) Concurrent Clear Claimed Marks 0,044ms
[2021-04-23T17:34:42.861-0300][gc,marking  ] GC(2) Concurrent Scan Root Regions
[2021-04-23T17:34:42.869-0300][gc,marking  ] GC(2) Concurrent Scan Root Regions 8,498ms
[2021-04-23T17:34:42.869-0300][gc,marking  ] GC(2) Concurrent Mark (7,840s)
[2021-04-23T17:34:42.869-0300][gc,marking  ] GC(2) Concurrent Mark From Roots
[2021-04-23T17:34:42.869-0300][gc,task     ] GC(2) Using 1 workers of 1 for marking
[2021-04-23T17:34:42.871-0300][gc,marking  ] GC(2) Concurrent Mark From Roots 1,506ms
[2021-04-23T17:34:42.871-0300][gc,marking  ] GC(2) Concurrent Preclean
[2021-04-23T17:34:42.871-0300][gc,marking  ] GC(2) Concurrent Preclean 0,061ms
[2021-04-23T17:34:42.871-0300][gc,marking  ] GC(2) Concurrent Mark (7,840s, 7,841s) 1,660ms
[2021-04-23T17:34:42.871-0300][gc,start    ] GC(2) Pause Remark
[2021-04-23T17:34:42.872-0300][gc          ] GC(2) Pause Remark 8M->8M(1024M) 1,064ms
[2021-04-23T17:34:42.872-0300][gc,cpu      ] GC(2) User=0,00s Sys=0,00s Real=0,00s
[2021-04-23T17:34:42.872-0300][gc,marking  ] GC(2) Concurrent Rebuild Remembered Sets
[2021-04-23T17:34:42.877-0300][gc,marking  ] GC(2) Concurrent Rebuild Remembered Sets 4,954ms
[2021-04-23T17:34:42.878-0300][gc,start    ] GC(2) Pause Cleanup
[2021-04-23T17:34:42.878-0300][gc          ] GC(2) Pause Cleanup 8M->8M(1024M) 0,175ms
[2021-04-23T17:34:42.878-0300][gc,cpu      ] GC(2) User=0,00s Sys=0,00s Real=0,00s
[2021-04-23T17:34:42.878-0300][gc,marking  ] GC(2) Concurrent Cleanup for Next Mark
[2021-04-23T17:34:42.902-0300][gc,marking  ] GC(2) Concurrent Cleanup for Next Mark 24,021ms
[2021-04-23T17:34:42.905-0300][gc          ] GC(2) Concurrent Cycle 44,124ms
[2021-04-23T17:34:44.922-0300][gc,start    ] GC(3) Pause Young (Normal) (G1 Evacuation Pause)
[2021-04-23T17:34:44.922-0300][gc,task     ] GC(3) Using 4 workers of 4 for evacuation
[2021-04-23T17:34:44.929-0300][gc,phases   ] GC(3)   Pre Evacuate Collection Set: 0,1ms
[2021-04-23T17:34:44.929-0300][gc,phases   ] GC(3)   Merge Heap Roots: 0,0ms
[2021-04-23T17:34:44.929-0300][gc,phases   ] GC(3)   Evacuate Collection Set: 5,9ms
[2021-04-23T17:34:44.929-0300][gc,phases   ] GC(3)   Post Evacuate Collection Set: 0,6ms
[2021-04-23T17:34:44.929-0300][gc,phases   ] GC(3)   Other: 0,2ms
[2021-04-23T17:34:44.929-0300][gc,heap     ] GC(3) Eden regions: 50->0(46)
[2021-04-23T17:34:44.929-0300][gc,heap     ] GC(3) Survivor regions: 1->5(7)
[2021-04-23T17:34:44.929-0300][gc,heap     ] GC(3) Old regions: 7->7
[2021-04-23T17:34:44.929-0300][gc,heap     ] GC(3) Archive regions: 2->2
[2021-04-23T17:34:44.929-0300][gc,heap     ] GC(3) Humongous regions: 129->129
[2021-04-23T17:34:44.929-0300][gc,metaspace] GC(3) Metaspace: 30492K(31612K)->30492K(31612K) NonClass: 27024K(27904K)->27024K(27904K) Class: 3467K(3708K)->3467K(3708K)
[2021-04-23T17:34:44.929-0300][gc          ] GC(3) Pause Young (Normal) (G1 Evacuation Pause) 187M->141M(1024M) 7,380ms
[2021-04-23T17:34:44.929-0300][gc,cpu      ] GC(3) User=0,02s Sys=0,00s Real=0,00s
[2021-04-23T17:34:48.906-0300][gc,heap,exit] Heap
[2021-04-23T17:34:48.906-0300][gc,heap,exit]  garbage-first heap   total 1048576K, used 155887K [0x00000007c0000000, 0x0000000800000000)
[2021-04-23T17:34:48.906-0300][gc,heap,exit]   region size 1024K, 17 young (17408K), 5 survivors (5120K)
[2021-04-23T17:34:48.906-0300][gc,heap,exit]  Metaspace       used 31802K, capacity 32130K, committed 32764K, reserved 1079296K
[2021-04-23T17:34:48.906-0300][gc,heap,exit]   class space    used 3673K, capacity 3813K, committed 3836K, reserved 1048576K
