[2021-04-24T18:17:19.032-0300][gc] Using G1
[2021-04-24T18:17:19.041-0300][gc,init] Version: 15.0.2+7-27 (release)
[2021-04-24T18:17:19.041-0300][gc,init] CPUs: 4 total, 4 available
[2021-04-24T18:17:19.041-0300][gc,init] Memory: 8192M
[2021-04-24T18:17:19.041-0300][gc,init] Large Page Support: Disabled
[2021-04-24T18:17:19.041-0300][gc,init] NUMA Support: Disabled
[2021-04-24T18:17:19.041-0300][gc,init] Compressed Oops: Enabled (Zero based)
[2021-04-24T18:17:19.042-0300][gc,init] Heap Region Size: 1M
[2021-04-24T18:17:19.042-0300][gc,init] Heap Min Capacity: 1G
[2021-04-24T18:17:19.042-0300][gc,init] Heap Initial Capacity: 1G
[2021-04-24T18:17:19.042-0300][gc,init] Heap Max Capacity: 1G
[2021-04-24T18:17:19.042-0300][gc,init] Pre-touch: Disabled
[2021-04-24T18:17:19.042-0300][gc,init] Parallel Workers: 4
[2021-04-24T18:17:19.042-0300][gc,init] Concurrent Workers: 1
[2021-04-24T18:17:19.042-0300][gc,init] Concurrent Refinement Workers: 4
[2021-04-24T18:17:19.042-0300][gc,init] Periodic GC: Disabled
[2021-04-24T18:17:19.042-0300][gc,cds ] Mark closed archive regions in map: [0x00000007fff00000, 0x00000007fff78ff8]
[2021-04-24T18:17:19.042-0300][gc,cds ] Mark open archive regions in map: [0x00000007ffe00000, 0x00000007ffe50ff8]
[2021-04-24T18:17:19.042-0300][gc,metaspace] CDS archive(s) mapped at: [0x0000000800000000-0x0000000800b2b000-0x0000000800b2b000), size 11710464, SharedBaseAddress: 0x0000000800000000, ArchiveRelocationMode: 0.
[2021-04-24T18:17:19.042-0300][gc,metaspace] Compressed class space mapped at: 0x0000000800b2c000-0x0000000840b2c000, size: 1073741824
[2021-04-24T18:17:19.042-0300][gc,metaspace] Narrow klass base: 0x0000000800000000, Narrow klass shift: 3, Narrow klass range: 0x100000000
[2021-04-24T18:17:26.277-0300][gc,start    ] GC(0) Pause Young (Normal) (G1 Evacuation Pause)
[2021-04-24T18:17:26.278-0300][gc,task     ] GC(0) Using 4 workers of 4 for evacuation
[2021-04-24T18:17:26.291-0300][gc,phases   ] GC(0)   Pre Evacuate Collection Set: 0,1ms
[2021-04-24T18:17:26.291-0300][gc,phases   ] GC(0)   Merge Heap Roots: 0,1ms
[2021-04-24T18:17:26.291-0300][gc,phases   ] GC(0)   Evacuate Collection Set: 11,2ms
[2021-04-24T18:17:26.291-0300][gc,phases   ] GC(0)   Post Evacuate Collection Set: 1,4ms
[2021-04-24T18:17:26.291-0300][gc,phases   ] GC(0)   Other: 0,5ms
[2021-04-24T18:17:26.291-0300][gc,heap     ] GC(0) Eden regions: 51->0(44)
[2021-04-24T18:17:26.291-0300][gc,heap     ] GC(0) Survivor regions: 0->7(7)
[2021-04-24T18:17:26.291-0300][gc,heap     ] GC(0) Old regions: 0->1
[2021-04-24T18:17:26.291-0300][gc,heap     ] GC(0) Archive regions: 2->2
[2021-04-24T18:17:26.291-0300][gc,heap     ] GC(0) Humongous regions: 0->0
[2021-04-24T18:17:26.291-0300][gc,metaspace] GC(0) Metaspace: 19043K(19840K)->19043K(19840K) NonClass: 16765K(17408K)->16765K(17408K) Class: 2278K(2432K)->2278K(2432K)
[2021-04-24T18:17:26.291-0300][gc          ] GC(0) Pause Young (Normal) (G1 Evacuation Pause) 51M->8M(1024M) 13,511ms
[2021-04-24T18:17:26.291-0300][gc,cpu      ] GC(0) User=0,02s Sys=0,01s Real=0,02s
[2021-04-24T18:17:26.611-0300][gc,start    ] GC(1) Pause Young (Concurrent Start) (Metadata GC Threshold)
[2021-04-24T18:17:26.611-0300][gc,task     ] GC(1) Using 4 workers of 4 for evacuation
[2021-04-24T18:17:26.622-0300][gc,phases   ] GC(1)   Pre Evacuate Collection Set: 0,1ms
[2021-04-24T18:17:26.622-0300][gc,phases   ] GC(1)   Merge Heap Roots: 0,0ms
[2021-04-24T18:17:26.622-0300][gc,phases   ] GC(1)   Evacuate Collection Set: 9,3ms
[2021-04-24T18:17:26.622-0300][gc,phases   ] GC(1)   Post Evacuate Collection Set: 0,5ms
[2021-04-24T18:17:26.622-0300][gc,phases   ] GC(1)   Other: 0,4ms
[2021-04-24T18:17:26.622-0300][gc,heap     ] GC(1) Eden regions: 7->0(50)
[2021-04-24T18:17:26.622-0300][gc,heap     ] GC(1) Survivor regions: 7->1(7)
[2021-04-24T18:17:26.622-0300][gc,heap     ] GC(1) Old regions: 1->7
[2021-04-24T18:17:26.622-0300][gc,heap     ] GC(1) Archive regions: 2->2
[2021-04-24T18:17:26.622-0300][gc,heap     ] GC(1) Humongous regions: 0->0
[2021-04-24T18:17:26.622-0300][gc,metaspace] GC(1) Metaspace: 20519K(21248K)->20519K(21248K) NonClass: 18067K(18688K)->18067K(18688K) Class: 2452K(2560K)->2452K(2560K)
[2021-04-24T18:17:26.622-0300][gc          ] GC(1) Pause Young (Concurrent Start) (Metadata GC Threshold) 14M->8M(1024M) 10,613ms
[2021-04-24T18:17:26.622-0300][gc,cpu      ] GC(1) User=0,02s Sys=0,01s Real=0,01s
[2021-04-24T18:17:26.622-0300][gc          ] GC(2) Concurrent Cycle
[2021-04-24T18:17:26.622-0300][gc,marking  ] GC(2) Concurrent Clear Claimed Marks
[2021-04-24T18:17:26.622-0300][gc,marking  ] GC(2) Concurrent Clear Claimed Marks 0,027ms
[2021-04-24T18:17:26.622-0300][gc,marking  ] GC(2) Concurrent Scan Root Regions
[2021-04-24T18:17:26.628-0300][gc,marking  ] GC(2) Concurrent Scan Root Regions 6,289ms
[2021-04-24T18:17:26.629-0300][gc,marking  ] GC(2) Concurrent Mark (7,605s)
[2021-04-24T18:17:26.629-0300][gc,marking  ] GC(2) Concurrent Mark From Roots
[2021-04-24T18:17:26.629-0300][gc,task     ] GC(2) Using 1 workers of 1 for marking
[2021-04-24T18:17:26.631-0300][gc,marking  ] GC(2) Concurrent Mark From Roots 2,570ms
[2021-04-24T18:17:26.631-0300][gc,marking  ] GC(2) Concurrent Preclean
[2021-04-24T18:17:26.631-0300][gc,marking  ] GC(2) Concurrent Preclean 0,076ms
[2021-04-24T18:17:26.631-0300][gc,marking  ] GC(2) Concurrent Mark (7,605s, 7,608s) 2,739ms
[2021-04-24T18:17:26.632-0300][gc,start    ] GC(2) Pause Remark
[2021-04-24T18:17:26.633-0300][gc          ] GC(2) Pause Remark 8M->8M(1024M) 1,520ms
[2021-04-24T18:17:26.633-0300][gc,cpu      ] GC(2) User=0,01s Sys=0,00s Real=0,00s
[2021-04-24T18:17:26.633-0300][gc,marking  ] GC(2) Concurrent Rebuild Remembered Sets
[2021-04-24T18:17:26.641-0300][gc,marking  ] GC(2) Concurrent Rebuild Remembered Sets 7,287ms
[2021-04-24T18:17:26.641-0300][gc,start    ] GC(2) Pause Cleanup
[2021-04-24T18:17:26.641-0300][gc          ] GC(2) Pause Cleanup 8M->8M(1024M) 0,148ms
[2021-04-24T18:17:26.641-0300][gc,cpu      ] GC(2) User=0,00s Sys=0,00s Real=0,00s
[2021-04-24T18:17:26.641-0300][gc,marking  ] GC(2) Concurrent Cleanup for Next Mark
[2021-04-24T18:17:26.652-0300][gc,marking  ] GC(2) Concurrent Cleanup for Next Mark 10,476ms
[2021-04-24T18:17:26.652-0300][gc          ] GC(2) Concurrent Cycle 29,826ms
[2021-04-24T18:17:28.740-0300][gc,start    ] GC(3) Pause Young (Normal) (G1 Evacuation Pause)
[2021-04-24T18:17:28.741-0300][gc,task     ] GC(3) Using 4 workers of 4 for evacuation
[2021-04-24T18:17:28.751-0300][gc,phases   ] GC(3)   Pre Evacuate Collection Set: 0,3ms
[2021-04-24T18:17:28.751-0300][gc,phases   ] GC(3)   Merge Heap Roots: 0,5ms
[2021-04-24T18:17:28.751-0300][gc,phases   ] GC(3)   Evacuate Collection Set: 8,1ms
[2021-04-24T18:17:28.751-0300][gc,phases   ] GC(3)   Post Evacuate Collection Set: 1,3ms
[2021-04-24T18:17:28.751-0300][gc,phases   ] GC(3)   Other: 1,6ms
[2021-04-24T18:17:28.751-0300][gc,heap     ] GC(3) Eden regions: 50->0(45)
[2021-04-24T18:17:28.751-0300][gc,heap     ] GC(3) Survivor regions: 1->6(7)
[2021-04-24T18:17:28.751-0300][gc,heap     ] GC(3) Old regions: 7->7
[2021-04-24T18:17:28.751-0300][gc,heap     ] GC(3) Archive regions: 2->2
[2021-04-24T18:17:28.752-0300][gc,heap     ] GC(3) Humongous regions: 129->129
[2021-04-24T18:17:28.752-0300][gc,metaspace] GC(3) Metaspace: 32424K(33408K)->32424K(33408K) NonClass: 28852K(29696K)->28852K(29696K) Class: 3572K(3712K)->3572K(3712K)
[2021-04-24T18:17:28.752-0300][gc          ] GC(3) Pause Young (Normal) (G1 Evacuation Pause) 187M->141M(1024M) 12,011ms
[2021-04-24T18:17:28.752-0300][gc,cpu      ] GC(3) User=0,02s Sys=0,00s Real=0,01s
[2021-04-24T18:17:29.004-0300][gc,start    ] GC(4) Pause Young (Concurrent Start) (Metadata GC Threshold)
[2021-04-24T18:17:29.004-0300][gc,task     ] GC(4) Using 4 workers of 4 for evacuation
[2021-04-24T18:17:29.013-0300][gc,phases   ] GC(4)   Pre Evacuate Collection Set: 0,1ms
[2021-04-24T18:17:29.014-0300][gc,phases   ] GC(4)   Merge Heap Roots: 0,0ms
[2021-04-24T18:17:29.014-0300][gc,phases   ] GC(4)   Evacuate Collection Set: 8,4ms
[2021-04-24T18:17:29.014-0300][gc,phases   ] GC(4)   Post Evacuate Collection Set: 0,5ms
[2021-04-24T18:17:29.014-0300][gc,phases   ] GC(4)   Other: 0,2ms
[2021-04-24T18:17:29.014-0300][gc,heap     ] GC(4) Eden regions: 10->0(50)
[2021-04-24T18:17:29.014-0300][gc,heap     ] GC(4) Survivor regions: 6->1(7)
[2021-04-24T18:17:29.014-0300][gc,heap     ] GC(4) Old regions: 7->12
[2021-04-24T18:17:29.014-0300][gc,heap     ] GC(4) Archive regions: 2->2
[2021-04-24T18:17:29.014-0300][gc,heap     ] GC(4) Humongous regions: 129->129
[2021-04-24T18:17:29.014-0300][gc,metaspace] GC(4) Metaspace: 34462K(35584K)->34462K(35584K) NonClass: 30578K(31488K)->30578K(31488K) Class: 3883K(4096K)->3883K(4096K)
[2021-04-24T18:17:29.014-0300][gc          ] GC(4) Pause Young (Concurrent Start) (Metadata GC Threshold) 151M->142M(1024M) 9,990ms
[2021-04-24T18:17:29.014-0300][gc,cpu      ] GC(4) User=0,03s Sys=0,00s Real=0,01s
[2021-04-24T18:17:29.014-0300][gc          ] GC(5) Concurrent Cycle
[2021-04-24T18:17:29.014-0300][gc,marking  ] GC(5) Concurrent Clear Claimed Marks
[2021-04-24T18:17:29.014-0300][gc,marking  ] GC(5) Concurrent Clear Claimed Marks 0,034ms
[2021-04-24T18:17:29.014-0300][gc,marking  ] GC(5) Concurrent Scan Root Regions
[2021-04-24T18:17:29.022-0300][gc,marking  ] GC(5) Concurrent Scan Root Regions 7,834ms
[2021-04-24T18:17:29.022-0300][gc,marking  ] GC(5) Concurrent Mark (9,999s)
[2021-04-24T18:17:29.022-0300][gc,marking  ] GC(5) Concurrent Mark From Roots
[2021-04-24T18:17:29.022-0300][gc,task     ] GC(5) Using 1 workers of 1 for marking
[2021-04-24T18:17:29.037-0300][gc,marking  ] GC(5) Concurrent Mark From Roots 14,157ms
[2021-04-24T18:17:29.037-0300][gc,marking  ] GC(5) Concurrent Preclean
[2021-04-24T18:17:29.037-0300][gc,marking  ] GC(5) Concurrent Preclean 0,097ms
[2021-04-24T18:17:29.037-0300][gc,marking  ] GC(5) Concurrent Mark (9,999s, 10,014s) 14,364ms
[2021-04-24T18:17:29.037-0300][gc,start    ] GC(5) Pause Remark
[2021-04-24T18:17:29.038-0300][gc          ] GC(5) Pause Remark 143M->143M(1024M) 1,466ms
[2021-04-24T18:17:29.038-0300][gc,cpu      ] GC(5) User=0,00s Sys=0,00s Real=0,00s
[2021-04-24T18:17:29.039-0300][gc,marking  ] GC(5) Concurrent Rebuild Remembered Sets
[2021-04-24T18:17:29.051-0300][gc,marking  ] GC(5) Concurrent Rebuild Remembered Sets 12,511ms
[2021-04-24T18:17:29.051-0300][gc,start    ] GC(5) Pause Cleanup
[2021-04-24T18:17:29.052-0300][gc          ] GC(5) Pause Cleanup 143M->143M(1024M) 0,192ms
[2021-04-24T18:17:29.052-0300][gc,cpu      ] GC(5) User=0,01s Sys=0,00s Real=0,00s
[2021-04-24T18:17:29.052-0300][gc,marking  ] GC(5) Concurrent Cleanup for Next Mark
[2021-04-24T18:17:29.064-0300][gc,marking  ] GC(5) Concurrent Cleanup for Next Mark 12,362ms
[2021-04-24T18:17:29.064-0300][gc          ] GC(5) Concurrent Cycle 49,747ms
[2021-04-24T18:21:41.977-0300][gc,start    ] GC(6) Pause Young (Normal) (G1 Evacuation Pause)
[2021-04-24T18:21:41.978-0300][gc,task     ] GC(6) Using 4 workers of 4 for evacuation
[2021-04-24T18:21:42.061-0300][gc,mmu      ] GC(6) MMU target violated: 21,0ms (20,0ms/21,0ms)
[2021-04-24T18:21:42.061-0300][gc,phases   ] GC(6)   Pre Evacuate Collection Set: 1,3ms
[2021-04-24T18:21:42.061-0300][gc,phases   ] GC(6)   Merge Heap Roots: 0,2ms
[2021-04-24T18:21:42.061-0300][gc,phases   ] GC(6)   Evacuate Collection Set: 79,4ms
[2021-04-24T18:21:42.061-0300][gc,phases   ] GC(6)   Post Evacuate Collection Set: 1,5ms
[2021-04-24T18:21:42.061-0300][gc,phases   ] GC(6)   Other: 1,6ms
[2021-04-24T18:21:42.061-0300][gc,heap     ] GC(6) Eden regions: 50->0(47)
[2021-04-24T18:21:42.061-0300][gc,heap     ] GC(6) Survivor regions: 1->4(7)
[2021-04-24T18:21:42.061-0300][gc,heap     ] GC(6) Old regions: 12->12
[2021-04-24T18:21:42.061-0300][gc,heap     ] GC(6) Archive regions: 2->2
[2021-04-24T18:21:42.061-0300][gc,heap     ] GC(6) Humongous regions: 129->129
[2021-04-24T18:21:42.061-0300][gc,metaspace] GC(6) Metaspace: 40606K(41728K)->40606K(41728K) NonClass: 35837K(36608K)->35837K(36608K) Class: 4769K(5120K)->4769K(5120K)
[2021-04-24T18:21:42.061-0300][gc          ] GC(6) Pause Young (Normal) (G1 Evacuation Pause) 192M->145M(1024M) 84,136ms
[2021-04-24T18:21:42.061-0300][gc,cpu      ] GC(6) User=0,04s Sys=0,15s Real=0,09s
[2021-04-24T18:35:43.201-0300][gc,start    ] GC(7) Pause Young (Normal) (G1 Evacuation Pause)
[2021-04-24T18:35:43.202-0300][gc,task     ] GC(7) Using 4 workers of 4 for evacuation
[2021-04-24T18:35:43.237-0300][gc,mmu      ] GC(7) MMU target violated: 21,0ms (20,0ms/21,0ms)
[2021-04-24T18:35:43.237-0300][gc,phases   ] GC(7)   Pre Evacuate Collection Set: 1,3ms
[2021-04-24T18:35:43.237-0300][gc,phases   ] GC(7)   Merge Heap Roots: 0,2ms
[2021-04-24T18:35:43.237-0300][gc,phases   ] GC(7)   Evacuate Collection Set: 31,8ms
[2021-04-24T18:35:43.237-0300][gc,phases   ] GC(7)   Post Evacuate Collection Set: 1,4ms
[2021-04-24T18:35:43.237-0300][gc,phases   ] GC(7)   Other: 1,6ms
[2021-04-24T18:35:43.237-0300][gc,heap     ] GC(7) Eden regions: 47->0(45)
[2021-04-24T18:35:43.237-0300][gc,heap     ] GC(7) Survivor regions: 4->6(7)
[2021-04-24T18:35:43.237-0300][gc,heap     ] GC(7) Old regions: 12->13
[2021-04-24T18:35:43.237-0300][gc,heap     ] GC(7) Archive regions: 2->2
[2021-04-24T18:35:43.237-0300][gc,heap     ] GC(7) Humongous regions: 129->129
[2021-04-24T18:35:43.237-0300][gc,metaspace] GC(7) Metaspace: 41206K(42496K)->41206K(42496K) NonClass: 36413K(37376K)->36413K(37376K) Class: 4793K(5120K)->4793K(5120K)
[2021-04-24T18:35:43.237-0300][gc          ] GC(7) Pause Young (Normal) (G1 Evacuation Pause) 192M->147M(1024M) 36,429ms
[2021-04-24T18:35:43.237-0300][gc,cpu      ] GC(7) User=0,04s Sys=0,07s Real=0,03s
[2021-04-24T18:50:54.866-0300][gc,start    ] GC(8) Pause Young (Normal) (G1 Evacuation Pause)
[2021-04-24T18:50:54.867-0300][gc,task     ] GC(8) Using 4 workers of 4 for evacuation
[2021-04-24T18:50:54.890-0300][gc,mmu      ] GC(8) MMU target violated: 21,0ms (20,0ms/21,0ms)
[2021-04-24T18:50:54.890-0300][gc,phases   ] GC(8)   Pre Evacuate Collection Set: 1,4ms
[2021-04-24T18:50:54.890-0300][gc,phases   ] GC(8)   Merge Heap Roots: 0,2ms
[2021-04-24T18:50:54.890-0300][gc,phases   ] GC(8)   Evacuate Collection Set: 19,6ms
[2021-04-24T18:50:54.890-0300][gc,phases   ] GC(8)   Post Evacuate Collection Set: 0,8ms
[2021-04-24T18:50:54.890-0300][gc,phases   ] GC(8)   Other: 2,4ms
[2021-04-24T18:50:54.890-0300][gc,heap     ] GC(8) Eden regions: 45->0(48)
[2021-04-24T18:50:54.890-0300][gc,heap     ] GC(8) Survivor regions: 6->3(7)
[2021-04-24T18:50:54.890-0300][gc,heap     ] GC(8) Old regions: 13->15
[2021-04-24T18:50:54.890-0300][gc,heap     ] GC(8) Archive regions: 2->2
[2021-04-24T18:50:54.890-0300][gc,heap     ] GC(8) Humongous regions: 129->129
[2021-04-24T18:50:54.890-0300][gc,metaspace] GC(8) Metaspace: 41516K(42752K)->41516K(42752K) NonClass: 36676K(37632K)->36676K(37632K) Class: 4839K(5120K)->4839K(5120K)
[2021-04-24T18:50:54.891-0300][gc          ] GC(8) Pause Young (Normal) (G1 Evacuation Pause) 192M->147M(1024M) 25,239ms
[2021-04-24T18:50:54.891-0300][gc,cpu      ] GC(8) User=0,03s Sys=0,04s Real=0,03s
[2021-04-24T19:07:19.955-0300][gc,start    ] GC(9) Pause Young (Normal) (G1 Evacuation Pause)
[2021-04-24T19:07:19.956-0300][gc,task     ] GC(9) Using 4 workers of 4 for evacuation
[2021-04-24T19:07:19.971-0300][gc,phases   ] GC(9)   Pre Evacuate Collection Set: 1,3ms
[2021-04-24T19:07:19.971-0300][gc,phases   ] GC(9)   Merge Heap Roots: 0,3ms
[2021-04-24T19:07:19.971-0300][gc,phases   ] GC(9)   Evacuate Collection Set: 12,8ms
[2021-04-24T19:07:19.971-0300][gc,phases   ] GC(9)   Post Evacuate Collection Set: 0,7ms
[2021-04-24T19:07:19.971-0300][gc,phases   ] GC(9)   Other: 1,5ms
[2021-04-24T19:07:19.971-0300][gc,heap     ] GC(9) Eden regions: 48->0(48)
[2021-04-24T19:07:19.971-0300][gc,heap     ] GC(9) Survivor regions: 3->3(7)
[2021-04-24T19:07:19.971-0300][gc,heap     ] GC(9) Old regions: 15->15
[2021-04-24T19:07:19.971-0300][gc,heap     ] GC(9) Archive regions: 2->2
[2021-04-24T19:07:19.971-0300][gc,heap     ] GC(9) Humongous regions: 129->129
[2021-04-24T19:07:19.971-0300][gc,metaspace] GC(9) Metaspace: 41579K(42752K)->41579K(42752K) NonClass: 36739K(37632K)->36739K(37632K) Class: 4839K(5120K)->4839K(5120K)
[2021-04-24T19:07:19.971-0300][gc          ] GC(9) Pause Young (Normal) (G1 Evacuation Pause) 195M->147M(1024M) 16,754ms
[2021-04-24T19:07:19.972-0300][gc,cpu      ] GC(9) User=0,02s Sys=0,03s Real=0,02s
[2021-04-24T19:23:34.592-0300][gc,start    ] GC(10) Pause Young (Normal) (G1 Evacuation Pause)
[2021-04-24T19:23:34.593-0300][gc,task     ] GC(10) Using 4 workers of 4 for evacuation
[2021-04-24T19:23:34.630-0300][gc,mmu      ] GC(10) MMU target violated: 21,0ms (20,0ms/21,0ms)
[2021-04-24T19:23:34.630-0300][gc,phases   ] GC(10)   Pre Evacuate Collection Set: 1,7ms
[2021-04-24T19:23:34.630-0300][gc,phases   ] GC(10)   Merge Heap Roots: 0,4ms
[2021-04-24T19:23:34.630-0300][gc,phases   ] GC(10)   Evacuate Collection Set: 32,8ms
[2021-04-24T19:23:34.630-0300][gc,phases   ] GC(10)   Post Evacuate Collection Set: 2,3ms
[2021-04-24T19:23:34.630-0300][gc,phases   ] GC(10)   Other: 0,8ms
[2021-04-24T19:23:34.630-0300][gc,heap     ] GC(10) Eden regions: 48->0(47)
[2021-04-24T19:23:34.630-0300][gc,heap     ] GC(10) Survivor regions: 3->4(7)
[2021-04-24T19:23:34.630-0300][gc,heap     ] GC(10) Old regions: 15->15
[2021-04-24T19:23:34.631-0300][gc,heap     ] GC(10) Archive regions: 2->2
[2021-04-24T19:23:34.631-0300][gc,heap     ] GC(10) Humongous regions: 129->129
[2021-04-24T19:23:34.631-0300][gc,metaspace] GC(10) Metaspace: 41690K(42752K)->41690K(42752K) NonClass: 36843K(37632K)->36843K(37632K) Class: 4847K(5120K)->4847K(5120K)
[2021-04-24T19:23:34.631-0300][gc          ] GC(10) Pause Young (Normal) (G1 Evacuation Pause) 195M->148M(1024M) 38,871ms
[2021-04-24T19:23:34.631-0300][gc,cpu      ] GC(10) User=0,02s Sys=0,06s Real=0,04s
[2021-04-24T21:00:12.171-0300][gc,start    ] GC(11) Pause Young (Normal) (G1 Evacuation Pause)
[2021-04-24T21:00:12.172-0300][gc,task     ] GC(11) Using 4 workers of 4 for evacuation
[2021-04-24T21:00:12.569-0300][gc,mmu      ] GC(11) MMU target violated: 21,0ms (20,0ms/21,0ms)
[2021-04-24T21:00:12.569-0300][gc,phases   ] GC(11)   Pre Evacuate Collection Set: 1,3ms
[2021-04-24T21:00:12.569-0300][gc,phases   ] GC(11)   Merge Heap Roots: 0,3ms
[2021-04-24T21:00:12.569-0300][gc,phases   ] GC(11)   Evacuate Collection Set: 59,0ms
[2021-04-24T21:00:12.569-0300][gc,phases   ] GC(11)   Post Evacuate Collection Set: 1,7ms
[2021-04-24T21:00:12.570-0300][gc,phases   ] GC(11)   Other: 1,7ms
[2021-04-24T21:00:12.570-0300][gc,heap     ] GC(11) Eden regions: 47->0(46)
[2021-04-24T21:00:12.570-0300][gc,heap     ] GC(11) Survivor regions: 4->5(7)
[2021-04-24T21:00:12.570-0300][gc,heap     ] GC(11) Old regions: 15->15
[2021-04-24T21:00:12.570-0300][gc,heap     ] GC(11) Archive regions: 2->2
[2021-04-24T21:00:12.570-0300][gc,heap     ] GC(11) Humongous regions: 129->129
[2021-04-24T21:00:12.570-0300][gc,metaspace] GC(11) Metaspace: 41820K(43008K)->41820K(43008K) NonClass: 36965K(37888K)->36965K(37888K) Class: 4855K(5120K)->4855K(5120K)
[2021-04-24T21:00:12.570-0300][gc          ] GC(11) Pause Young (Normal) (G1 Evacuation Pause) 195M->149M(1024M) 64,304ms
[2021-04-24T21:00:12.570-0300][gc,cpu      ] GC(11) User=0,03s Sys=0,06s Real=0,40s
[2021-04-24T21:22:10.559-0300][gc,start    ] GC(12) Pause Young (Normal) (G1 Evacuation Pause)
[2021-04-24T21:22:10.560-0300][gc,task     ] GC(12) Using 4 workers of 4 for evacuation
[2021-04-24T21:22:10.590-0300][gc,mmu      ] GC(12) MMU target violated: 21,0ms (20,0ms/21,0ms)
[2021-04-24T21:22:10.590-0300][gc,phases   ] GC(12)   Pre Evacuate Collection Set: 1,6ms
[2021-04-24T21:22:10.590-0300][gc,phases   ] GC(12)   Merge Heap Roots: 0,7ms
[2021-04-24T21:22:10.590-0300][gc,phases   ] GC(12)   Evacuate Collection Set: 22,4ms
[2021-04-24T21:22:10.590-0300][gc,phases   ] GC(12)   Post Evacuate Collection Set: 5,1ms
[2021-04-24T21:22:10.591-0300][gc,phases   ] GC(12)   Other: 2,1ms
[2021-04-24T21:22:10.591-0300][gc,heap     ] GC(12) Eden regions: 46->0(48)
[2021-04-24T21:22:10.591-0300][gc,heap     ] GC(12) Survivor regions: 5->3(7)
[2021-04-24T21:22:10.591-0300][gc,heap     ] GC(12) Old regions: 15->16
[2021-04-24T21:22:10.591-0300][gc,heap     ] GC(12) Archive regions: 2->2
[2021-04-24T21:22:10.591-0300][gc,heap     ] GC(12) Humongous regions: 129->129
[2021-04-24T21:22:10.591-0300][gc,metaspace] GC(12) Metaspace: 41835K(43008K)->41835K(43008K) NonClass: 36980K(37888K)->36980K(37888K) Class: 4855K(5120K)->4855K(5120K)
[2021-04-24T21:22:10.591-0300][gc          ] GC(12) Pause Young (Normal) (G1 Evacuation Pause) 195M->148M(1024M) 32,303ms
[2021-04-24T21:22:10.591-0300][gc,cpu      ] GC(12) User=0,02s Sys=0,03s Real=0,04s
[2021-04-24T21:49:02.617-0300][gc,start    ] GC(13) Pause Young (Normal) (G1 Evacuation Pause)
[2021-04-24T21:49:02.619-0300][gc,task     ] GC(13) Using 4 workers of 4 for evacuation
[2021-04-24T21:49:02.695-0300][gc,mmu      ] GC(13) MMU target violated: 21,0ms (20,0ms/21,0ms)
[2021-04-24T21:49:02.695-0300][gc,phases   ] GC(13)   Pre Evacuate Collection Set: 2,9ms
[2021-04-24T21:49:02.695-0300][gc,phases   ] GC(13)   Merge Heap Roots: 0,2ms
[2021-04-24T21:49:02.695-0300][gc,phases   ] GC(13)   Evacuate Collection Set: 70,4ms
[2021-04-24T21:49:02.695-0300][gc,phases   ] GC(13)   Post Evacuate Collection Set: 2,4ms
[2021-04-24T21:49:02.695-0300][gc,phases   ] GC(13)   Other: 2,6ms
[2021-04-24T21:49:02.695-0300][gc,heap     ] GC(13) Eden regions: 48->0(48)
[2021-04-24T21:49:02.695-0300][gc,heap     ] GC(13) Survivor regions: 3->3(7)
[2021-04-24T21:49:02.695-0300][gc,heap     ] GC(13) Old regions: 16->16
[2021-04-24T21:49:02.695-0300][gc,heap     ] GC(13) Archive regions: 2->2
[2021-04-24T21:49:02.695-0300][gc,heap     ] GC(13) Humongous regions: 129->129
[2021-04-24T21:49:02.695-0300][gc,metaspace] GC(13) Metaspace: 41891K(43008K)->41891K(43008K) NonClass: 37036K(37888K)->37036K(37888K) Class: 4855K(5120K)->4855K(5120K)
[2021-04-24T21:49:02.695-0300][gc          ] GC(13) Pause Young (Normal) (G1 Evacuation Pause) 196M->148M(1024M) 78,461ms
[2021-04-24T21:49:02.695-0300][gc,cpu      ] GC(13) User=0,03s Sys=0,10s Real=0,08s
[2021-04-24T22:30:37.704-0300][gc,start    ] GC(14) Pause Young (Normal) (G1 Evacuation Pause)
[2021-04-24T22:30:37.705-0300][gc,task     ] GC(14) Using 4 workers of 4 for evacuation
[2021-04-24T22:30:37.728-0300][gc,mmu      ] GC(14) MMU target violated: 21,0ms (20,0ms/21,0ms)
[2021-04-24T22:30:37.728-0300][gc,phases   ] GC(14)   Pre Evacuate Collection Set: 1,5ms
[2021-04-24T22:30:37.728-0300][gc,phases   ] GC(14)   Merge Heap Roots: 0,3ms
[2021-04-24T22:30:37.728-0300][gc,phases   ] GC(14)   Evacuate Collection Set: 19,0ms
[2021-04-24T22:30:37.728-0300][gc,phases   ] GC(14)   Post Evacuate Collection Set: 1,4ms
[2021-04-24T22:30:37.728-0300][gc,phases   ] GC(14)   Other: 1,8ms
[2021-04-24T22:30:37.728-0300][gc,heap     ] GC(14) Eden regions: 48->0(48)
[2021-04-24T22:30:37.728-0300][gc,heap     ] GC(14) Survivor regions: 3->3(7)
[2021-04-24T22:30:37.728-0300][gc,heap     ] GC(14) Old regions: 16->16
[2021-04-24T22:30:37.728-0300][gc,heap     ] GC(14) Archive regions: 2->2
[2021-04-24T22:30:37.728-0300][gc,heap     ] GC(14) Humongous regions: 129->129
[2021-04-24T22:30:37.728-0300][gc,metaspace] GC(14) Metaspace: 41915K(43008K)->41915K(43008K) NonClass: 37060K(37888K)->37060K(37888K) Class: 4855K(5120K)->4855K(5120K)
[2021-04-24T22:30:37.729-0300][gc          ] GC(14) Pause Young (Normal) (G1 Evacuation Pause) 196M->148M(1024M) 25,013ms
[2021-04-24T22:30:37.729-0300][gc,cpu      ] GC(14) User=0,02s Sys=0,04s Real=0,02s
[2021-04-24T23:11:47.581-0300][gc,start    ] GC(15) Pause Young (Normal) (G1 Evacuation Pause)
[2021-04-24T23:11:47.585-0300][gc,task     ] GC(15) Using 4 workers of 4 for evacuation
[2021-04-24T23:11:47.775-0300][gc,mmu      ] GC(15) MMU target violated: 21,0ms (20,0ms/21,0ms)
[2021-04-24T23:11:47.775-0300][gc,phases   ] GC(15)   Pre Evacuate Collection Set: 26,4ms
[2021-04-24T23:11:47.775-0300][gc,phases   ] GC(15)   Merge Heap Roots: 2,2ms
[2021-04-24T23:11:47.775-0300][gc,phases   ] GC(15)   Evacuate Collection Set: 157,0ms
[2021-04-24T23:11:47.775-0300][gc,phases   ] GC(15)   Post Evacuate Collection Set: 3,7ms
[2021-04-24T23:11:47.776-0300][gc,phases   ] GC(15)   Other: 6,8ms
[2021-04-24T23:11:47.776-0300][gc,heap     ] GC(15) Eden regions: 48->0(47)
[2021-04-24T23:11:47.776-0300][gc,heap     ] GC(15) Survivor regions: 3->4(7)
[2021-04-24T23:11:47.776-0300][gc,heap     ] GC(15) Old regions: 16->16
[2021-04-24T23:11:47.776-0300][gc,heap     ] GC(15) Archive regions: 2->2
[2021-04-24T23:11:47.776-0300][gc,heap     ] GC(15) Humongous regions: 129->129
[2021-04-24T23:11:47.776-0300][gc,metaspace] GC(15) Metaspace: 41918K(43008K)->41918K(43008K) NonClass: 37063K(37888K)->37063K(37888K) Class: 4855K(5120K)->4855K(5120K)
[2021-04-24T23:11:47.776-0300][gc          ] GC(15) Pause Young (Normal) (G1 Evacuation Pause) 196M->148M(1024M) 194,428ms
[2021-04-24T23:11:47.776-0300][gc,cpu      ] GC(15) User=0,04s Sys=0,06s Real=0,19s
[2021-04-24T23:24:41.796-0300][gc,heap,exit] Heap
[2021-04-24T23:24:41.796-0300][gc,heap,exit]  garbage-first heap   total 1048576K, used 168505K [0x00000007c0000000, 0x0000000800000000)
[2021-04-24T23:24:41.797-0300][gc,heap,exit]   region size 1024K, 21 young (21504K), 4 survivors (4096K)
[2021-04-24T23:24:41.797-0300][gc,heap,exit]  Metaspace       used 42521K, capacity 43078K, committed 43648K, reserved 1087488K
[2021-04-24T23:24:41.797-0300][gc,heap,exit]   class space    used 5000K, capacity 5222K, committed 5248K, reserved 1048576K
