[2021-04-23T13:58:23.355-0300][gc] Using G1
[2021-04-23T13:58:23.363-0300][gc,init] Version: 15.0.2+7-27 (release)
[2021-04-23T13:58:23.363-0300][gc,init] CPUs: 4 total, 4 available
[2021-04-23T13:58:23.363-0300][gc,init] Memory: 8192M
[2021-04-23T13:58:23.363-0300][gc,init] Large Page Support: Disabled
[2021-04-23T13:58:23.363-0300][gc,init] NUMA Support: Disabled
[2021-04-23T13:58:23.363-0300][gc,init] Compressed Oops: Enabled (Zero based)
[2021-04-23T13:58:23.363-0300][gc,init] Heap Region Size: 1M
[2021-04-23T13:58:23.363-0300][gc,init] Heap Min Capacity: 1G
[2021-04-23T13:58:23.363-0300][gc,init] Heap Initial Capacity: 1G
[2021-04-23T13:58:23.363-0300][gc,init] Heap Max Capacity: 1G
[2021-04-23T13:58:23.363-0300][gc,init] Pre-touch: Disabled
[2021-04-23T13:58:23.363-0300][gc,init] Parallel Workers: 4
[2021-04-23T13:58:23.363-0300][gc,init] Concurrent Workers: 1
[2021-04-23T13:58:23.363-0300][gc,init] Concurrent Refinement Workers: 4
[2021-04-23T13:58:23.363-0300][gc,init] Periodic GC: Disabled
[2021-04-23T13:58:23.363-0300][gc,cds ] Mark closed archive regions in map: [0x00000007fff00000, 0x00000007fff78ff8]
[2021-04-23T13:58:23.363-0300][gc,cds ] Mark open archive regions in map: [0x00000007ffe00000, 0x00000007ffe50ff8]
[2021-04-23T13:58:23.363-0300][gc,metaspace] CDS archive(s) mapped at: [0x0000000800000000-0x0000000800b2b000-0x0000000800b2b000), size 11710464, SharedBaseAddress: 0x0000000800000000, ArchiveRelocationMode: 0.
[2021-04-23T13:58:23.363-0300][gc,metaspace] Compressed class space mapped at: 0x0000000800b2c000-0x0000000840b2c000, size: 1073741824
[2021-04-23T13:58:23.363-0300][gc,metaspace] Narrow klass base: 0x0000000800000000, Narrow klass shift: 3, Narrow klass range: 0x100000000
[2021-04-23T13:58:30.157-0300][gc,start    ] GC(0) Pause Young (Normal) (G1 Evacuation Pause)
[2021-04-23T13:58:30.157-0300][gc,task     ] GC(0) Using 4 workers of 4 for evacuation
[2021-04-23T13:58:30.167-0300][gc,phases   ] GC(0)   Pre Evacuate Collection Set: 0,1ms
[2021-04-23T13:58:30.167-0300][gc,phases   ] GC(0)   Merge Heap Roots: 0,0ms
[2021-04-23T13:58:30.167-0300][gc,phases   ] GC(0)   Evacuate Collection Set: 8,5ms
[2021-04-23T13:58:30.167-0300][gc,phases   ] GC(0)   Post Evacuate Collection Set: 0,5ms
[2021-04-23T13:58:30.167-0300][gc,phases   ] GC(0)   Other: 0,4ms
[2021-04-23T13:58:30.167-0300][gc,heap     ] GC(0) Eden regions: 51->0(44)
[2021-04-23T13:58:30.167-0300][gc,heap     ] GC(0) Survivor regions: 0->7(7)
[2021-04-23T13:58:30.167-0300][gc,heap     ] GC(0) Old regions: 0->1
[2021-04-23T13:58:30.167-0300][gc,heap     ] GC(0) Archive regions: 2->2
[2021-04-23T13:58:30.167-0300][gc,heap     ] GC(0) Humongous regions: 0->0
[2021-04-23T13:58:30.167-0300][gc,metaspace] GC(0) Metaspace: 19206K(19584K)->19206K(19584K) NonClass: 16906K(17152K)->16906K(17152K) Class: 2300K(2432K)->2300K(2432K)
[2021-04-23T13:58:30.167-0300][gc          ] GC(0) Pause Young (Normal) (G1 Evacuation Pause) 51M->7M(1024M) 9,761ms
[2021-04-23T13:58:30.167-0300][gc,cpu      ] GC(0) User=0,03s Sys=0,00s Real=0,01s
[2021-04-23T13:58:30.369-0300][gc,start    ] GC(1) Pause Young (Concurrent Start) (Metadata GC Threshold)
[2021-04-23T13:58:30.369-0300][gc,task     ] GC(1) Using 4 workers of 4 for evacuation
[2021-04-23T13:58:30.381-0300][gc,phases   ] GC(1)   Pre Evacuate Collection Set: 0,1ms
[2021-04-23T13:58:30.381-0300][gc,phases   ] GC(1)   Merge Heap Roots: 0,0ms
[2021-04-23T13:58:30.381-0300][gc,phases   ] GC(1)   Evacuate Collection Set: 10,8ms
[2021-04-23T13:58:30.381-0300][gc,phases   ] GC(1)   Post Evacuate Collection Set: 0,7ms
[2021-04-23T13:58:30.381-0300][gc,phases   ] GC(1)   Other: 0,2ms
[2021-04-23T13:58:30.381-0300][gc,heap     ] GC(1) Eden regions: 8->0(50)
[2021-04-23T13:58:30.381-0300][gc,heap     ] GC(1) Survivor regions: 7->1(7)
[2021-04-23T13:58:30.381-0300][gc,heap     ] GC(1) Old regions: 1->7
[2021-04-23T13:58:30.381-0300][gc,heap     ] GC(1) Archive regions: 2->2
[2021-04-23T13:58:30.381-0300][gc,heap     ] GC(1) Humongous regions: 0->0
[2021-04-23T13:58:30.381-0300][gc,metaspace] GC(1) Metaspace: 20890K(21296K)->20890K(21296K) NonClass: 18377K(18608K)->18377K(18608K) Class: 2513K(2688K)->2513K(2688K)
[2021-04-23T13:58:30.381-0300][gc          ] GC(1) Pause Young (Concurrent Start) (Metadata GC Threshold) 15M->8M(1024M) 12,143ms
[2021-04-23T13:58:30.381-0300][gc,cpu      ] GC(1) User=0,02s Sys=0,01s Real=0,02s
[2021-04-23T13:58:30.381-0300][gc          ] GC(2) Concurrent Cycle
[2021-04-23T13:58:30.381-0300][gc,marking  ] GC(2) Concurrent Clear Claimed Marks
[2021-04-23T13:58:30.381-0300][gc,marking  ] GC(2) Concurrent Clear Claimed Marks 0,038ms
[2021-04-23T13:58:30.381-0300][gc,marking  ] GC(2) Concurrent Scan Root Regions
[2021-04-23T13:58:30.388-0300][gc,marking  ] GC(2) Concurrent Scan Root Regions 6,466ms
[2021-04-23T13:58:30.388-0300][gc,marking  ] GC(2) Concurrent Mark (7,041s)
[2021-04-23T13:58:30.388-0300][gc,marking  ] GC(2) Concurrent Mark From Roots
[2021-04-23T13:58:30.388-0300][gc,task     ] GC(2) Using 1 workers of 1 for marking
[2021-04-23T13:58:30.390-0300][gc,marking  ] GC(2) Concurrent Mark From Roots 2,015ms
[2021-04-23T13:58:30.390-0300][gc,marking  ] GC(2) Concurrent Preclean
[2021-04-23T13:58:30.390-0300][gc,marking  ] GC(2) Concurrent Preclean 0,055ms
[2021-04-23T13:58:30.390-0300][gc,marking  ] GC(2) Concurrent Mark (7,041s, 7,043s) 2,177ms
[2021-04-23T13:58:30.390-0300][gc,start    ] GC(2) Pause Remark
[2021-04-23T13:58:30.391-0300][gc          ] GC(2) Pause Remark 8M->8M(1024M) 1,057ms
[2021-04-23T13:58:30.391-0300][gc,cpu      ] GC(2) User=0,00s Sys=0,00s Real=0,00s
[2021-04-23T13:58:30.391-0300][gc,marking  ] GC(2) Concurrent Rebuild Remembered Sets
[2021-04-23T13:58:30.399-0300][gc,marking  ] GC(2) Concurrent Rebuild Remembered Sets 7,958ms
[2021-04-23T13:58:30.400-0300][gc,start    ] GC(2) Pause Cleanup
[2021-04-23T13:58:30.400-0300][gc          ] GC(2) Pause Cleanup 8M->8M(1024M) 0,129ms
[2021-04-23T13:58:30.400-0300][gc,cpu      ] GC(2) User=0,00s Sys=0,00s Real=0,00s
[2021-04-23T13:58:30.400-0300][gc,marking  ] GC(2) Concurrent Cleanup for Next Mark
[2021-04-23T13:58:30.409-0300][gc,marking  ] GC(2) Concurrent Cleanup for Next Mark 9,124ms
[2021-04-23T13:58:30.409-0300][gc          ] GC(2) Concurrent Cycle 28,256ms
[2021-04-23T13:58:31.528-0300][gc,start    ] GC(3) Pause Young (Normal) (G1 Evacuation Pause)
[2021-04-23T13:58:31.529-0300][gc,task     ] GC(3) Using 4 workers of 4 for evacuation
[2021-04-23T13:58:31.535-0300][gc,phases   ] GC(3)   Pre Evacuate Collection Set: 0,1ms
[2021-04-23T13:58:31.535-0300][gc,phases   ] GC(3)   Merge Heap Roots: 0,1ms
[2021-04-23T13:58:31.535-0300][gc,phases   ] GC(3)   Evacuate Collection Set: 5,9ms
[2021-04-23T13:58:31.535-0300][gc,phases   ] GC(3)   Post Evacuate Collection Set: 0,7ms
[2021-04-23T13:58:31.535-0300][gc,phases   ] GC(3)   Other: 0,2ms
[2021-04-23T13:58:31.536-0300][gc,heap     ] GC(3) Eden regions: 50->0(45)
[2021-04-23T13:58:31.536-0300][gc,heap     ] GC(3) Survivor regions: 1->6(7)
[2021-04-23T13:58:31.536-0300][gc,heap     ] GC(3) Old regions: 7->7
[2021-04-23T13:58:31.536-0300][gc,heap     ] GC(3) Archive regions: 2->2
[2021-04-23T13:58:31.536-0300][gc,heap     ] GC(3) Humongous regions: 129->129
[2021-04-23T13:58:31.536-0300][gc,metaspace] GC(3) Metaspace: 32817K(33456K)->32817K(33456K) NonClass: 29197K(29616K)->29197K(29616K) Class: 3620K(3840K)->3620K(3840K)
[2021-04-23T13:58:31.536-0300][gc          ] GC(3) Pause Young (Normal) (G1 Evacuation Pause) 187M->141M(1024M) 7,112ms
[2021-04-23T13:58:31.536-0300][gc,cpu      ] GC(3) User=0,02s Sys=0,00s Real=0,01s
[2021-04-23T13:59:55.487-0300][gc,start    ] GC(4) Pause Young (Concurrent Start) (Metadata GC Threshold)
[2021-04-23T13:59:55.487-0300][gc,task     ] GC(4) Using 4 workers of 4 for evacuation
[2021-04-23T13:59:55.497-0300][gc,phases   ] GC(4)   Pre Evacuate Collection Set: 0,1ms
[2021-04-23T13:59:55.497-0300][gc,phases   ] GC(4)   Merge Heap Roots: 0,0ms
[2021-04-23T13:59:55.497-0300][gc,phases   ] GC(4)   Evacuate Collection Set: 8,8ms
[2021-04-23T13:59:55.497-0300][gc,phases   ] GC(4)   Post Evacuate Collection Set: 0,6ms
[2021-04-23T13:59:55.497-0300][gc,phases   ] GC(4)   Other: 0,3ms
[2021-04-23T13:59:55.497-0300][gc,heap     ] GC(4) Eden regions: 14->0(50)
[2021-04-23T13:59:55.497-0300][gc,heap     ] GC(4) Survivor regions: 6->1(7)
[2021-04-23T13:59:55.497-0300][gc,heap     ] GC(4) Old regions: 7->13
[2021-04-23T13:59:55.497-0300][gc,heap     ] GC(4) Archive regions: 2->2
[2021-04-23T13:59:55.497-0300][gc,heap     ] GC(4) Humongous regions: 129->129
[2021-04-23T13:59:55.497-0300][gc,metaspace] GC(4) Metaspace: 35471K(35888K)->35471K(35888K) NonClass: 31439K(31664K)->31439K(31664K) Class: 4032K(4224K)->4032K(4224K)
[2021-04-23T13:59:55.497-0300][gc          ] GC(4) Pause Young (Concurrent Start) (Metadata GC Threshold) 155M->142M(1024M) 10,285ms
[2021-04-23T13:59:55.497-0300][gc,cpu      ] GC(4) User=0,02s Sys=0,00s Real=0,01s
[2021-04-23T13:59:55.497-0300][gc          ] GC(5) Concurrent Cycle
[2021-04-23T13:59:55.497-0300][gc,marking  ] GC(5) Concurrent Clear Claimed Marks
[2021-04-23T13:59:55.497-0300][gc,marking  ] GC(5) Concurrent Clear Claimed Marks 0,040ms
[2021-04-23T13:59:55.497-0300][gc,marking  ] GC(5) Concurrent Scan Root Regions
[2021-04-23T13:59:55.505-0300][gc,marking  ] GC(5) Concurrent Scan Root Regions 7,956ms
[2021-04-23T13:59:55.505-0300][gc,marking  ] GC(5) Concurrent Mark (92,156s)
[2021-04-23T13:59:55.505-0300][gc,marking  ] GC(5) Concurrent Mark From Roots
[2021-04-23T13:59:55.505-0300][gc,task     ] GC(5) Using 1 workers of 1 for marking
[2021-04-23T13:59:55.520-0300][gc,marking  ] GC(5) Concurrent Mark From Roots 14,307ms
[2021-04-23T13:59:55.520-0300][gc,marking  ] GC(5) Concurrent Preclean
[2021-04-23T13:59:55.520-0300][gc,marking  ] GC(5) Concurrent Preclean 0,134ms
[2021-04-23T13:59:55.520-0300][gc,marking  ] GC(5) Concurrent Mark (92,156s, 92,171s) 14,574ms
[2021-04-23T13:59:55.520-0300][gc,start    ] GC(5) Pause Remark
[2021-04-23T13:59:55.523-0300][gc          ] GC(5) Pause Remark 143M->143M(1024M) 3,097ms
[2021-04-23T13:59:55.523-0300][gc,cpu      ] GC(5) User=0,00s Sys=0,00s Real=0,00s
[2021-04-23T13:59:55.523-0300][gc,marking  ] GC(5) Concurrent Rebuild Remembered Sets
[2021-04-23T13:59:55.536-0300][gc,marking  ] GC(5) Concurrent Rebuild Remembered Sets 12,864ms
[2021-04-23T13:59:55.537-0300][gc,start    ] GC(5) Pause Cleanup
[2021-04-23T13:59:55.537-0300][gc          ] GC(5) Pause Cleanup 143M->143M(1024M) 0,152ms
[2021-04-23T13:59:55.538-0300][gc,cpu      ] GC(5) User=0,00s Sys=0,00s Real=0,00s
[2021-04-23T13:59:55.538-0300][gc,marking  ] GC(5) Concurrent Cleanup for Next Mark
[2021-04-23T13:59:55.553-0300][gc,marking  ] GC(5) Concurrent Cleanup for Next Mark 14,636ms
[2021-04-23T13:59:55.553-0300][gc          ] GC(5) Concurrent Cycle 55,610ms
[2021-04-23T14:05:18.182-0300][gc,start    ] GC(6) Pause Young (Normal) (G1 Evacuation Pause)
[2021-04-23T14:05:18.183-0300][gc,task     ] GC(6) Using 4 workers of 4 for evacuation
[2021-04-23T14:05:18.192-0300][gc,phases   ] GC(6)   Pre Evacuate Collection Set: 0,1ms
[2021-04-23T14:05:18.192-0300][gc,phases   ] GC(6)   Merge Heap Roots: 0,1ms
[2021-04-23T14:05:18.192-0300][gc,phases   ] GC(6)   Evacuate Collection Set: 7,2ms
[2021-04-23T14:05:18.192-0300][gc,phases   ] GC(6)   Post Evacuate Collection Set: 1,1ms
[2021-04-23T14:05:18.192-0300][gc,phases   ] GC(6)   Other: 1,3ms
[2021-04-23T14:05:18.192-0300][gc,heap     ] GC(6) Eden regions: 50->0(47)
[2021-04-23T14:05:18.192-0300][gc,heap     ] GC(6) Survivor regions: 1->4(7)
[2021-04-23T14:05:18.192-0300][gc,heap     ] GC(6) Old regions: 13->13
[2021-04-23T14:05:18.192-0300][gc,heap     ] GC(6) Archive regions: 2->2
[2021-04-23T14:05:18.192-0300][gc,heap     ] GC(6) Humongous regions: 129->129
[2021-04-23T14:05:18.192-0300][gc,metaspace] GC(6) Metaspace: 40856K(41648K)->40856K(41648K) NonClass: 36058K(36528K)->36058K(36528K) Class: 4798K(5120K)->4798K(5120K)
[2021-04-23T14:05:18.192-0300][gc          ] GC(6) Pause Young (Normal) (G1 Evacuation Pause) 192M->145M(1024M) 9,966ms
[2021-04-23T14:05:18.192-0300][gc,cpu      ] GC(6) User=0,03s Sys=0,00s Real=0,01s
[2021-04-23T14:19:30.913-0300][gc,start    ] GC(7) Pause Young (Normal) (G1 Evacuation Pause)
[2021-04-23T14:19:30.913-0300][gc,task     ] GC(7) Using 4 workers of 4 for evacuation
[2021-04-23T14:19:30.936-0300][gc,mmu      ] GC(7) MMU target violated: 21,0ms (20,0ms/21,0ms)
[2021-04-23T14:19:30.936-0300][gc,phases   ] GC(7)   Pre Evacuate Collection Set: 1,4ms
[2021-04-23T14:19:30.936-0300][gc,phases   ] GC(7)   Merge Heap Roots: 0,2ms
[2021-04-23T14:19:30.936-0300][gc,phases   ] GC(7)   Evacuate Collection Set: 20,1ms
[2021-04-23T14:19:30.936-0300][gc,phases   ] GC(7)   Post Evacuate Collection Set: 0,7ms
[2021-04-23T14:19:30.936-0300][gc,phases   ] GC(7)   Other: 0,9ms
[2021-04-23T14:19:30.936-0300][gc,heap     ] GC(7) Eden regions: 47->0(45)
[2021-04-23T14:19:30.936-0300][gc,heap     ] GC(7) Survivor regions: 4->6(7)
[2021-04-23T14:19:30.936-0300][gc,heap     ] GC(7) Old regions: 13->13
[2021-04-23T14:19:30.936-0300][gc,heap     ] GC(7) Archive regions: 2->2
[2021-04-23T14:19:30.936-0300][gc,heap     ] GC(7) Humongous regions: 129->129
[2021-04-23T14:19:30.936-0300][gc,metaspace] GC(7) Metaspace: 41386K(42160K)->41386K(42160K) NonClass: 36571K(37040K)->36571K(37040K) Class: 4815K(5120K)->4815K(5120K)
[2021-04-23T14:19:30.936-0300][gc          ] GC(7) Pause Young (Normal) (G1 Evacuation Pause) 192M->148M(1024M) 23,273ms
[2021-04-23T14:19:30.936-0300][gc,cpu      ] GC(7) User=0,03s Sys=0,03s Real=0,02s
[2021-04-23T14:34:05.962-0300][gc,start    ] GC(8) Pause Young (Normal) (G1 Evacuation Pause)
[2021-04-23T14:34:05.963-0300][gc,task     ] GC(8) Using 4 workers of 4 for evacuation
[2021-04-23T14:34:05.986-0300][gc,mmu      ] GC(8) MMU target violated: 21,0ms (20,0ms/21,0ms)
[2021-04-23T14:34:05.986-0300][gc,phases   ] GC(8)   Pre Evacuate Collection Set: 1,3ms
[2021-04-23T14:34:05.986-0300][gc,phases   ] GC(8)   Merge Heap Roots: 0,1ms
[2021-04-23T14:34:05.986-0300][gc,phases   ] GC(8)   Evacuate Collection Set: 19,7ms
[2021-04-23T14:34:05.986-0300][gc,phases   ] GC(8)   Post Evacuate Collection Set: 1,2ms
[2021-04-23T14:34:05.986-0300][gc,phases   ] GC(8)   Other: 1,7ms
[2021-04-23T14:34:05.986-0300][gc,heap     ] GC(8) Eden regions: 45->0(48)
[2021-04-23T14:34:05.986-0300][gc,heap     ] GC(8) Survivor regions: 6->3(7)
[2021-04-23T14:34:05.986-0300][gc,heap     ] GC(8) Old regions: 13->16
[2021-04-23T14:34:05.986-0300][gc,heap     ] GC(8) Archive regions: 2->2
[2021-04-23T14:34:05.986-0300][gc,heap     ] GC(8) Humongous regions: 129->129
[2021-04-23T14:34:05.986-0300][gc,metaspace] GC(8) Metaspace: 41485K(42160K)->41485K(42160K) NonClass: 36670K(37040K)->36670K(37040K) Class: 4815K(5120K)->4815K(5120K)
[2021-04-23T14:34:05.986-0300][gc          ] GC(8) Pause Young (Normal) (G1 Evacuation Pause) 193M->148M(1024M) 24,154ms
[2021-04-23T14:34:05.986-0300][gc,cpu      ] GC(8) User=0,03s Sys=0,05s Real=0,02s
[2021-04-23T14:50:41.563-0300][gc,start    ] GC(9) Pause Young (Normal) (G1 Evacuation Pause)
[2021-04-23T14:50:41.564-0300][gc,task     ] GC(9) Using 4 workers of 4 for evacuation
[2021-04-23T14:50:41.579-0300][gc,phases   ] GC(9)   Pre Evacuate Collection Set: 1,6ms
[2021-04-23T14:50:41.580-0300][gc,phases   ] GC(9)   Merge Heap Roots: 0,2ms
[2021-04-23T14:50:41.580-0300][gc,phases   ] GC(9)   Evacuate Collection Set: 12,3ms
[2021-04-23T14:50:41.580-0300][gc,phases   ] GC(9)   Post Evacuate Collection Set: 1,1ms
[2021-04-23T14:50:41.580-0300][gc,phases   ] GC(9)   Other: 1,8ms
[2021-04-23T14:50:41.580-0300][gc,heap     ] GC(9) Eden regions: 48->0(48)
[2021-04-23T14:50:41.580-0300][gc,heap     ] GC(9) Survivor regions: 3->3(7)
[2021-04-23T14:50:41.580-0300][gc,heap     ] GC(9) Old regions: 16->16
[2021-04-23T14:50:41.580-0300][gc,heap     ] GC(9) Archive regions: 2->2
[2021-04-23T14:50:41.580-0300][gc,heap     ] GC(9) Humongous regions: 129->129
[2021-04-23T14:50:41.580-0300][gc,metaspace] GC(9) Metaspace: 41543K(42416K)->41543K(42416K) NonClass: 36727K(37296K)->36727K(37296K) Class: 4815K(5120K)->4815K(5120K)
[2021-04-23T14:50:41.580-0300][gc          ] GC(9) Pause Young (Normal) (G1 Evacuation Pause) 196M->148M(1024M) 17,320ms
[2021-04-23T14:50:41.580-0300][gc,cpu      ] GC(9) User=0,02s Sys=0,03s Real=0,02s
[2021-04-23T15:07:05.688-0300][gc,start    ] GC(10) Pause Young (Normal) (G1 Evacuation Pause)
[2021-04-23T15:07:05.689-0300][gc,task     ] GC(10) Using 4 workers of 4 for evacuation
[2021-04-23T15:07:05.699-0300][gc,phases   ] GC(10)   Pre Evacuate Collection Set: 0,3ms
[2021-04-23T15:07:05.699-0300][gc,phases   ] GC(10)   Merge Heap Roots: 0,1ms
[2021-04-23T15:07:05.699-0300][gc,phases   ] GC(10)   Evacuate Collection Set: 9,2ms
[2021-04-23T15:07:05.699-0300][gc,phases   ] GC(10)   Post Evacuate Collection Set: 0,4ms
[2021-04-23T15:07:05.699-0300][gc,phases   ] GC(10)   Other: 1,7ms
[2021-04-23T15:07:05.699-0300][gc,heap     ] GC(10) Eden regions: 48->0(47)
[2021-04-23T15:07:05.699-0300][gc,heap     ] GC(10) Survivor regions: 3->4(7)
[2021-04-23T15:07:05.699-0300][gc,heap     ] GC(10) Old regions: 16->16
[2021-04-23T15:07:05.699-0300][gc,heap     ] GC(10) Archive regions: 2->2
[2021-04-23T15:07:05.699-0300][gc,heap     ] GC(10) Humongous regions: 129->129
[2021-04-23T15:07:05.700-0300][gc,metaspace] GC(10) Metaspace: 41642K(42416K)->41642K(42416K) NonClass: 36820K(37296K)->36820K(37296K) Class: 4822K(5120K)->4822K(5120K)
[2021-04-23T15:07:05.700-0300][gc          ] GC(10) Pause Young (Normal) (G1 Evacuation Pause) 196M->148M(1024M) 11,776ms
[2021-04-23T15:07:05.700-0300][gc,cpu      ] GC(10) User=0,02s Sys=0,01s Real=0,02s
[2021-04-23T17:21:38.214-0300][gc,start    ] GC(11) Pause Young (Normal) (G1 Evacuation Pause)
[2021-04-23T17:21:38.214-0300][gc,task     ] GC(11) Using 4 workers of 4 for evacuation
[2021-04-23T17:21:38.236-0300][gc,mmu      ] GC(11) MMU target violated: 21,0ms (20,0ms/21,0ms)
[2021-04-23T17:21:38.237-0300][gc,phases   ] GC(11)   Pre Evacuate Collection Set: 1,9ms
[2021-04-23T17:21:38.237-0300][gc,phases   ] GC(11)   Merge Heap Roots: 0,2ms
[2021-04-23T17:21:38.237-0300][gc,phases   ] GC(11)   Evacuate Collection Set: 18,5ms
[2021-04-23T17:21:38.237-0300][gc,phases   ] GC(11)   Post Evacuate Collection Set: 1,3ms
[2021-04-23T17:21:38.237-0300][gc,phases   ] GC(11)   Other: 0,9ms
[2021-04-23T17:21:38.237-0300][gc,heap     ] GC(11) Eden regions: 47->0(47)
[2021-04-23T17:21:38.237-0300][gc,heap     ] GC(11) Survivor regions: 4->4(7)
[2021-04-23T17:21:38.237-0300][gc,heap     ] GC(11) Old regions: 16->16
[2021-04-23T17:21:38.237-0300][gc,heap     ] GC(11) Archive regions: 2->2
[2021-04-23T17:21:38.237-0300][gc,heap     ] GC(11) Humongous regions: 129->129
[2021-04-23T17:21:38.237-0300][gc,metaspace] GC(11) Metaspace: 41681K(42416K)->41681K(42416K) NonClass: 36858K(37296K)->36858K(37296K) Class: 4822K(5120K)->4822K(5120K)
[2021-04-23T17:21:38.237-0300][gc          ] GC(11) Pause Young (Normal) (G1 Evacuation Pause) 195M->148M(1024M) 22,870ms
[2021-04-23T17:21:38.237-0300][gc,cpu      ] GC(11) User=0,02s Sys=0,04s Real=0,02s
[2021-04-23T17:32:15.872-0300][gc,heap,exit] Heap
[2021-04-23T17:32:15.873-0300][gc,heap,exit]  garbage-first heap   total 1048576K, used 193470K [0x00000007c0000000, 0x0000000800000000)
[2021-04-23T17:32:15.873-0300][gc,heap,exit]   region size 1024K, 45 young (46080K), 4 survivors (4096K)
[2021-04-23T17:32:15.873-0300][gc,heap,exit]  Metaspace       used 42385K, capacity 43022K, committed 43056K, reserved 1087488K
[2021-04-23T17:32:15.873-0300][gc,heap,exit]   class space    used 4980K, capacity 5225K, committed 5248K, reserved 1048576K
