[2021-04-24T18:05:52.376-0300][gc] Using G1
[2021-04-24T18:05:52.380-0300][gc,init] Version: 15.0.2+7-27 (release)
[2021-04-24T18:05:52.380-0300][gc,init] CPUs: 4 total, 4 available
[2021-04-24T18:05:52.380-0300][gc,init] Memory: 8192M
[2021-04-24T18:05:52.380-0300][gc,init] Large Page Support: Disabled
[2021-04-24T18:05:52.380-0300][gc,init] NUMA Support: Disabled
[2021-04-24T18:05:52.380-0300][gc,init] Compressed Oops: Enabled (Zero based)
[2021-04-24T18:05:52.380-0300][gc,init] Heap Region Size: 1M
[2021-04-24T18:05:52.380-0300][gc,init] Heap Min Capacity: 512M
[2021-04-24T18:05:52.380-0300][gc,init] Heap Initial Capacity: 512M
[2021-04-24T18:05:52.381-0300][gc,init] Heap Max Capacity: 512M
[2021-04-24T18:05:52.381-0300][gc,init] Pre-touch: Disabled
[2021-04-24T18:05:52.381-0300][gc,init] Parallel Workers: 4
[2021-04-24T18:05:52.381-0300][gc,init] Concurrent Workers: 1
[2021-04-24T18:05:52.381-0300][gc,init] Concurrent Refinement Workers: 4
[2021-04-24T18:05:52.381-0300][gc,init] Periodic GC: Disabled
[2021-04-24T18:05:52.381-0300][gc,cds ] Mark closed archive regions in map: [0x00000007fff00000, 0x00000007fff78ff8]
[2021-04-24T18:05:52.381-0300][gc,cds ] Mark open archive regions in map: [0x00000007ffe00000, 0x00000007ffe50ff8]
[2021-04-24T18:05:52.381-0300][gc,metaspace] CDS archive(s) mapped at: [0x0000000800000000-0x0000000800b2b000-0x0000000800b2b000), size 11710464, SharedBaseAddress: 0x0000000800000000, ArchiveRelocationMode: 0.
[2021-04-24T18:05:52.381-0300][gc,metaspace] Compressed class space mapped at: 0x0000000800b2c000-0x0000000840b2c000, size: 1073741824
[2021-04-24T18:05:52.381-0300][gc,metaspace] Narrow klass base: 0x0000000800000000, Narrow klass shift: 3, Narrow klass range: 0x100000000
[2021-04-24T18:08:49.682-0300][gc,start    ] GC(0) Pause Young (Normal) (G1 Evacuation Pause)
[2021-04-24T18:08:49.683-0300][gc,task     ] GC(0) Using 4 workers of 4 for evacuation
[2021-04-24T18:08:49.701-0300][gc,phases   ] GC(0)   Pre Evacuate Collection Set: 0,6ms
[2021-04-24T18:08:49.701-0300][gc,phases   ] GC(0)   Merge Heap Roots: 0,1ms
[2021-04-24T18:08:49.701-0300][gc,phases   ] GC(0)   Evacuate Collection Set: 16,2ms
[2021-04-24T18:08:49.701-0300][gc,phases   ] GC(0)   Post Evacuate Collection Set: 0,8ms
[2021-04-24T18:08:49.701-0300][gc,phases   ] GC(0)   Other: 1,0ms
[2021-04-24T18:08:49.701-0300][gc,heap     ] GC(0) Eden regions: 25->0(21)
[2021-04-24T18:08:49.701-0300][gc,heap     ] GC(0) Survivor regions: 0->4(4)
[2021-04-24T18:08:49.701-0300][gc,heap     ] GC(0) Old regions: 0->2
[2021-04-24T18:08:49.701-0300][gc,heap     ] GC(0) Archive regions: 2->2
[2021-04-24T18:08:49.701-0300][gc,heap     ] GC(0) Humongous regions: 0->0
[2021-04-24T18:08:49.701-0300][gc,metaspace] GC(0) Metaspace: 8005K(8448K)->8005K(8448K) NonClass: 7126K(7424K)->7126K(7424K) Class: 878K(1024K)->878K(1024K)
[2021-04-24T18:08:49.701-0300][gc          ] GC(0) Pause Young (Normal) (G1 Evacuation Pause) 25M->6M(512M) 18,909ms
[2021-04-24T18:08:49.701-0300][gc,cpu      ] GC(0) User=0,02s Sys=0,04s Real=0,02s
[2021-04-24T18:13:42.948-0300][gc,heap,exit] Heap
[2021-04-24T18:13:42.949-0300][gc,heap,exit]  garbage-first heap   total 524288K, used 9501K [0x00000007e0000000, 0x0000000800000000)
[2021-04-24T18:13:42.949-0300][gc,heap,exit]   region size 1024K, 8 young (8192K), 4 survivors (4096K)
[2021-04-24T18:13:42.949-0300][gc,heap,exit]  Metaspace       used 8095K, capacity 8301K, committed 8448K, reserved 1056768K
[2021-04-24T18:13:42.949-0300][gc,heap,exit]   class space    used 879K, capacity 926K, committed 1024K, reserved 1048576K
