[2021-04-25T13:19:55.179-0300][gc] Using G1
[2021-04-25T13:19:55.185-0300][gc,init] Version: 15.0.2+7-27 (release)
[2021-04-25T13:19:55.185-0300][gc,init] CPUs: 4 total, 4 available
[2021-04-25T13:19:55.185-0300][gc,init] Memory: 8192M
[2021-04-25T13:19:55.185-0300][gc,init] Large Page Support: Disabled
[2021-04-25T13:19:55.185-0300][gc,init] NUMA Support: Disabled
[2021-04-25T13:19:55.185-0300][gc,init] Compressed Oops: Enabled (Zero based)
[2021-04-25T13:19:55.185-0300][gc,init] Heap Region Size: 1M
[2021-04-25T13:19:55.185-0300][gc,init] Heap Min Capacity: 512M
[2021-04-25T13:19:55.185-0300][gc,init] Heap Initial Capacity: 512M
[2021-04-25T13:19:55.185-0300][gc,init] Heap Max Capacity: 512M
[2021-04-25T13:19:55.185-0300][gc,init] Pre-touch: Disabled
[2021-04-25T13:19:55.185-0300][gc,init] Parallel Workers: 4
[2021-04-25T13:19:55.185-0300][gc,init] Concurrent Workers: 1
[2021-04-25T13:19:55.185-0300][gc,init] Concurrent Refinement Workers: 4
[2021-04-25T13:19:55.185-0300][gc,init] Periodic GC: Disabled
[2021-04-25T13:19:55.185-0300][gc,cds ] Mark closed archive regions in map: [0x00000007fff00000, 0x00000007fff78ff8]
[2021-04-25T13:19:55.185-0300][gc,cds ] Mark open archive regions in map: [0x00000007ffe00000, 0x00000007ffe50ff8]
[2021-04-25T13:19:55.185-0300][gc,metaspace] CDS archive(s) mapped at: [0x0000000800000000-0x0000000800b2b000-0x0000000800b2b000), size 11710464, SharedBaseAddress: 0x0000000800000000, ArchiveRelocationMode: 0.
[2021-04-25T13:19:55.185-0300][gc,metaspace] Compressed class space mapped at: 0x0000000800b2c000-0x0000000840b2c000, size: 1073741824
[2021-04-25T13:19:55.185-0300][gc,metaspace] Narrow klass base: 0x0000000800000000, Narrow klass shift: 3, Narrow klass range: 0x100000000
[2021-04-25T14:02:17.108-0300][gc,start    ] GC(0) Pause Young (Normal) (G1 Evacuation Pause)
[2021-04-25T14:02:17.109-0300][gc,task     ] GC(0) Using 4 workers of 4 for evacuation
[2021-04-25T14:02:17.147-0300][gc,mmu      ] GC(0) MMU target violated: 21,0ms (20,0ms/21,0ms)
[2021-04-25T14:02:17.148-0300][gc,phases   ] GC(0)   Pre Evacuate Collection Set: 1,7ms
[2021-04-25T14:02:17.148-0300][gc,phases   ] GC(0)   Merge Heap Roots: 0,8ms
[2021-04-25T14:02:17.148-0300][gc,phases   ] GC(0)   Evacuate Collection Set: 34,8ms
[2021-04-25T14:02:17.148-0300][gc,phases   ] GC(0)   Post Evacuate Collection Set: 1,2ms
[2021-04-25T14:02:17.148-0300][gc,phases   ] GC(0)   Other: 2,3ms
[2021-04-25T14:02:17.148-0300][gc,heap     ] GC(0) Eden regions: 25->0(21)
[2021-04-25T14:02:17.148-0300][gc,heap     ] GC(0) Survivor regions: 0->4(4)
[2021-04-25T14:02:17.148-0300][gc,heap     ] GC(0) Old regions: 0->2
[2021-04-25T14:02:17.148-0300][gc,heap     ] GC(0) Archive regions: 2->2
[2021-04-25T14:02:17.148-0300][gc,heap     ] GC(0) Humongous regions: 0->0
[2021-04-25T14:02:17.148-0300][gc,metaspace] GC(0) Metaspace: 8171K(8704K)->8171K(8704K) NonClass: 7291K(7680K)->7291K(7680K) Class: 879K(1024K)->879K(1024K)
[2021-04-25T14:02:17.148-0300][gc          ] GC(0) Pause Young (Normal) (G1 Evacuation Pause) 25M->6M(512M) 39,664ms
[2021-04-25T14:02:17.148-0300][gc,cpu      ] GC(0) User=0,03s Sys=0,08s Real=0,04s
[2021-04-25T16:38:46.883-0300][gc,heap,exit] Heap
[2021-04-25T16:38:46.884-0300][gc,heap,exit]  garbage-first heap   total 524288K, used 23732K [0x00000007e0000000, 0x0000000800000000)
[2021-04-25T16:38:46.884-0300][gc,heap,exit]   region size 1024K, 22 young (22528K), 4 survivors (4096K)
[2021-04-25T16:38:46.884-0300][gc,heap,exit]  Metaspace       used 8411K, capacity 8557K, committed 8704K, reserved 1056768K
[2021-04-25T16:38:46.884-0300][gc,heap,exit]   class space    used 880K, capacity 926K, committed 1024K, reserved 1048576K
